// Jest Snapshot v1, https://goo.gl/fbAQLP

exports[`encode/decode 1`] = `
{
  "accounts": [
    {
      "balance": "349005855825536773784",
      "currencyId": "ethereum_classic",
      "derivationMode": "",
      "freshAddress": "0xF882CE5EF3E667AAFF592AE27793E0CF40356D1E",
      "id": "mock:1:ethereum_classic:export_0:",
      "index": 1,
      "name": "uuwygRL0AmMrs9riAlv1",
      "seedIdentifier": "mock",
    },
    {
      "balance": "45503129837786898140",
      "currencyId": "ethereum_classic",
      "derivationMode": "",
      "freshAddress": "0x22FF1149E5C7585F99647784C2D2A8D6415979F3",
      "id": "mock:1:ethereum_classic:export_1:",
      "index": 1,
      "name": "4GEb2iRQXlUt6X1jviKzSz4umwWj",
      "seedIdentifier": "mock",
    },
    {
      "balance": "288566332368580450524",
      "currencyId": "ethereum_classic",
      "derivationMode": "",
      "freshAddress": "0x96B35855C525CA59FEEC9F1F88B6A59645C0034D",
      "id": "mock:0:ethereum_classic:export_2:",
      "index": 1,
      "name": "tzPbPqv6XS7BabfsuJff",
      "seedIdentifier": "mock",
    },
  ],
  "meta": {
    "exporterName": "test",
    "exporterVersion": "0.0.0",
    "modelId": undefined,
    "modelIdList": undefined,
  },
  "settings": {
    "blacklistedTokenIds": [
      "tokenid1",
      "tokenid2",
    ],
    "counterValue": "USD",
    "currenciesSettings": {
      "bitcoin": {
        "confirmationsNb": 3,
      },
    },
    "pairExchanges": {
      "BTC_USD": "KRAKEN",
    },
  },
}
`;
