// Jest Snapshot v1, https://goo.gl/fbAQLP

exports[`vechain currency bridge scanAccounts vechain seed 1 1`] = `
[
  {
    "currencyId": "vechain",
    "derivationMode": "vechain",
    "feesCurrencyId": "vechain/vip180/vtho",
    "freshAddress": "0x0fe6688548f0C303932bB197B0A96034f1d74dba",
    "freshAddressPath": "44'/818'/0'/0/0",
    "id": "js:2:vechain:0x0fe6688548f0C303932bB197B0A96034f1d74dba:vechain",
    "index": 0,
    "operationsCount": 1,
    "pendingOperations": [],
    "seedIdentifier": "04de5a8f11cc426ff5617aeffd397c5dd77b58424662f368f2cd539a8c42fd2e7d0c6245c9c3a4306f70d7f292e95642651a6832d66fd9823fa6a0af575113e94e",
    "subAccounts": [],
    "swapHistory": [],
    "syncHash": undefined,
    "used": true,
  },
  {
    "id": "js:2:vechain:0x0fe6688548f0C303932bB197B0A96034f1d74dba:vechain+vechain%2Fvip180%2Fvtho",
    "operationsCount": 1,
    "parentId": "js:2:vechain:0x0fe6688548f0C303932bB197B0A96034f1d74dba:vechain",
    "pendingOperations": [],
    "swapHistory": [],
    "tokenId": "vechain/vip180/vtho",
    "type": "TokenAccountRaw",
  },
  {
    "currencyId": "vechain",
    "derivationMode": "vechain",
    "feesCurrencyId": "vechain/vip180/vtho",
    "freshAddress": "0x02961B92B8D20A4ea12f1f1CeFA74Dd7B4355A86",
    "freshAddressPath": "44'/818'/0'/0/1",
    "id": "js:2:vechain:0x02961B92B8D20A4ea12f1f1CeFA74Dd7B4355A86:vechain",
    "index": 1,
    "operationsCount": 1,
    "pendingOperations": [],
    "seedIdentifier": "04de5a8f11cc426ff5617aeffd397c5dd77b58424662f368f2cd539a8c42fd2e7d0c6245c9c3a4306f70d7f292e95642651a6832d66fd9823fa6a0af575113e94e",
    "subAccounts": [],
    "swapHistory": [],
    "syncHash": undefined,
    "used": true,
  },
  {
    "id": "js:2:vechain:0x02961B92B8D20A4ea12f1f1CeFA74Dd7B4355A86:vechain+vechain%2Fvip180%2Fvtho",
    "operationsCount": 0,
    "parentId": "js:2:vechain:0x02961B92B8D20A4ea12f1f1CeFA74Dd7B4355A86:vechain",
    "pendingOperations": [],
    "swapHistory": [],
    "tokenId": "vechain/vip180/vtho",
    "type": "TokenAccountRaw",
  },
  {
    "currencyId": "vechain",
    "derivationMode": "vechain",
    "feesCurrencyId": "vechain/vip180/vtho",
    "freshAddress": "0xFbC8653C0b842dd33361CE8938B24e407dd4838C",
    "freshAddressPath": "44'/818'/0'/0/2",
    "id": "js:2:vechain:0xFbC8653C0b842dd33361CE8938B24e407dd4838C:vechain",
    "index": 2,
    "operationsCount": 0,
    "pendingOperations": [],
    "seedIdentifier": "04de5a8f11cc426ff5617aeffd397c5dd77b58424662f368f2cd539a8c42fd2e7d0c6245c9c3a4306f70d7f292e95642651a6832d66fd9823fa6a0af575113e94e",
    "subAccounts": [],
    "swapHistory": [],
    "syncHash": undefined,
    "used": false,
  },
  {
    "id": "js:2:vechain:0xFbC8653C0b842dd33361CE8938B24e407dd4838C:vechain+vechain%2Fvip180%2Fvtho",
    "operationsCount": 0,
    "parentId": "js:2:vechain:0xFbC8653C0b842dd33361CE8938B24e407dd4838C:vechain",
    "pendingOperations": [],
    "swapHistory": [],
    "tokenId": "vechain/vip180/vtho",
    "type": "TokenAccountRaw",
  },
]
`;

exports[`vechain currency bridge scanAccounts vechain seed 1 2`] = `
[
  [
    {
      "accountId": "js:2:vechain:0x0fe6688548f0C303932bB197B0A96034f1d74dba:vechain",
      "blockHash": "0x00fa5b35f158cee280b6be35b4ada7669951035a79806244aaa11e5d2764d5bd",
      "blockHeight": 16407349,
      "extra": {},
      "fee": "210000000000000000",
      "hash": "0xe113f82af98a24c6f2473802f8673f0d69eed1c0f51a5a87d3cc6b8cf96ccfd6",
      "id": "js:2:vechain:0x0fe6688548f0C303932bB197B0A96034f1d74dba:vechain-0xe113f82af98a24c6f2473802f8673f0d69eed1c0f51a5a87d3cc6b8cf96ccfd6-IN",
      "recipients": [
        "0x0fe6688548f0c303932bb197b0a96034f1d74dba",
      ],
      "senders": [
        "0xcf130b42ae31c4931298b4b1c0f1d974b8732957",
      ],
      "type": "IN",
      "value": "10000000000000000000",
    },
  ],
  [
    {
      "accountId": "js:2:vechain:0x0fe6688548f0C303932bB197B0A96034f1d74dba:vechain+vechain%2Fvip180%2Fvtho",
      "blockHash": "0x00fa5b4ee2eca5cf65907e3695bbea044cd1f78224534dc0ba02526890055ecc",
      "blockHeight": 16407374,
      "extra": {},
      "fee": "365180000000000000",
      "hash": "0x5fdd7191c4d476a8e86060d516366e87421f65667b9b3c14c33a740c04921b10",
      "id": "js:2:vechain:0x0fe6688548f0C303932bB197B0A96034f1d74dba:vechain+vechain%2Fvip180%2Fvtho-0x5fdd7191c4d476a8e86060d516366e87421f65667b9b3c14c33a740c04921b10-IN",
      "recipients": [
        "0x0fe6688548f0c303932bb197b0a96034f1d74dba",
      ],
      "senders": [
        "0xcf130b42ae31c4931298b4b1c0f1d974b8732957",
      ],
      "type": "IN",
      "value": "10000000000000000000",
    },
  ],
  [
    {
      "accountId": "js:2:vechain:0x02961B92B8D20A4ea12f1f1CeFA74Dd7B4355A86:vechain",
      "blockHash": "0x00fa5b547b0d542ba8e62a85aa99cf355f1b2a70bd34e3949f889b0856776e05",
      "blockHeight": 16407380,
      "extra": {},
      "fee": "210000000000000000",
      "hash": "0xa4096186f2d58ecc68e6ea11c9757ef5bd78b21b87d73b4618eb6fd3508431ec",
      "id": "js:2:vechain:0x02961B92B8D20A4ea12f1f1CeFA74Dd7B4355A86:vechain-0xa4096186f2d58ecc68e6ea11c9757ef5bd78b21b87d73b4618eb6fd3508431ec-IN",
      "recipients": [
        "0x02961b92b8d20a4ea12f1f1cefa74dd7b4355a86",
      ],
      "senders": [
        "0xcf130b42ae31c4931298b4b1c0f1d974b8732957",
      ],
      "type": "IN",
      "value": "10000000000000000000",
    },
  ],
  [],
  [],
  [],
]
`;
