// Jest Snapshot v1, https://goo.gl/fbAQLP

exports[`axelar currency bridge scanAccounts axelar seed 1 1`] = `
Array [
  Object {
    "balance": "772139",
    "currencyId": "axelar",
    "derivationMode": "",
    "freshAddress": "axelar1gyauvl44q2apn3u3aujm36q8zrj74vry3kglyg",
    "freshAddressPath": "44'/118'/0'/0/0",
    "freshAddresses": Array [
      Object {
        "address": "axelar1gyauvl44q2apn3u3aujm36q8zrj74vry3kglyg",
        "derivationPath": "44'/118'/0'/0/0",
      },
    ],
    "id": "js:2:axelar:axelar1gyauvl44q2apn3u3aujm36q8zrj74vry3kglyg:",
    "index": 0,
    "name": "Axelar 1",
    "nfts": undefined,
    "pendingOperations": Array [],
    "seedIdentifier": "03d5e0ebb3f1ae2afe87e5d5a24b5029a59cc12f8fd1056840091b2f0b97e54e83",
    "spendableBalance": "187390",
    "starred": false,
    "swapHistory": Array [],
    "syncHash": undefined,
    "unitMagnitude": 6,
    "used": true,
    "xpub": "axelar1gyauvl44q2apn3u3aujm36q8zrj74vry3kglyg",
  },
  Object {
    "balance": "0",
    "currencyId": "axelar",
    "derivationMode": "",
    "freshAddress": "axelar1v2mp0m7k96dm9qv60fkspcqlzpkzrwnext9980",
    "freshAddressPath": "44'/118'/1'/0/0",
    "freshAddresses": Array [
      Object {
        "address": "axelar1v2mp0m7k96dm9qv60fkspcqlzpkzrwnext9980",
        "derivationPath": "44'/118'/1'/0/0",
      },
    ],
    "id": "js:2:axelar:axelar1v2mp0m7k96dm9qv60fkspcqlzpkzrwnext9980:",
    "index": 1,
    "name": "Axelar 2",
    "nfts": undefined,
    "pendingOperations": Array [],
    "seedIdentifier": "03d5e0ebb3f1ae2afe87e5d5a24b5029a59cc12f8fd1056840091b2f0b97e54e83",
    "spendableBalance": "0",
    "starred": false,
    "swapHistory": Array [],
    "syncHash": undefined,
    "unitMagnitude": 6,
    "used": false,
    "xpub": "axelar1v2mp0m7k96dm9qv60fkspcqlzpkzrwnext9980",
  },
]
`;

exports[`axelar currency bridge scanAccounts axelar seed 1 2`] = `
Array [
  Array [],
  Array [],
]
`;
