// Jest Snapshot v1, https://goo.gl/fbAQLP

exports[`injective currency bridge scanAccounts injective seed 1 1`] = `
Array [
  Object {
    "balance": "607564000000000",
    "currencyId": "injective",
    "derivationMode": "",
    "freshAddress": "inj1hn46zvx43mxq47vsecvw84k5chjhuhwp6d62dt",
    "freshAddressPath": "44'/60'/0'/0/0",
    "freshAddresses": Array [
      Object {
        "address": "inj1hn46zvx43mxq47vsecvw84k5chjhuhwp6d62dt",
        "derivationPath": "44'/60'/0'/0/0",
      },
    ],
    "id": "js:2:injective:inj1hn46zvx43mxq47vsecvw84k5chjhuhwp6d62dt:",
    "index": 0,
    "name": "Injective 1",
    "nfts": undefined,
    "pendingOperations": Array [],
    "seedIdentifier": "03f8e9b05b4de510b0b7d970060eac6a0f76d3c4eb07e11418c0747bc593c91c7d",
    "spendableBalance": "506564000000000",
    "starred": false,
    "swapHistory": Array [],
    "syncHash": undefined,
    "unitMagnitude": 18,
    "used": true,
    "xpub": "inj1hn46zvx43mxq47vsecvw84k5chjhuhwp6d62dt",
  },
  Object {
    "balance": "0",
    "currencyId": "injective",
    "derivationMode": "",
    "freshAddress": "inj1604wce9t0u8vne0zrj4t2rspjsg28dymyljzrm",
    "freshAddressPath": "44'/60'/1'/0/0",
    "freshAddresses": Array [
      Object {
        "address": "inj1604wce9t0u8vne0zrj4t2rspjsg28dymyljzrm",
        "derivationPath": "44'/60'/1'/0/0",
      },
    ],
    "id": "js:2:injective:inj1604wce9t0u8vne0zrj4t2rspjsg28dymyljzrm:",
    "index": 1,
    "name": "Injective 2",
    "nfts": undefined,
    "pendingOperations": Array [],
    "seedIdentifier": "03f8e9b05b4de510b0b7d970060eac6a0f76d3c4eb07e11418c0747bc593c91c7d",
    "spendableBalance": "0",
    "starred": false,
    "swapHistory": Array [],
    "syncHash": undefined,
    "unitMagnitude": 18,
    "used": false,
    "xpub": "inj1604wce9t0u8vne0zrj4t2rspjsg28dymyljzrm",
  },
]
`;

exports[`injective currency bridge scanAccounts injective seed 1 2`] = `
Array [
  Array [],
  Array [],
]
`;
