// Jest Snapshot v1, https://goo.gl/fbAQLP

exports[`secret_network currency bridge scanAccounts secret_network seed 1 1`] = `
Array [
  Object {
    "balance": "1964000",
    "currencyId": "secret_network",
    "derivationMode": "",
    "freshAddress": "secret1gyauvl44q2apn3u3aujm36q8zrj74vryha27j4",
    "freshAddressPath": "44'/118'/0'/0/0",
    "freshAddresses": Array [
      Object {
        "address": "secret1gyauvl44q2apn3u3aujm36q8zrj74vryha27j4",
        "derivationPath": "44'/118'/0'/0/0",
      },
    ],
    "id": "js:2:secret_network:secret1gyauvl44q2apn3u3aujm36q8zrj74vryha27j4:",
    "index": 0,
    "name": "SecretNetwork 1",
    "nfts": undefined,
    "pendingOperations": Array [],
    "seedIdentifier": "03d5e0ebb3f1ae2afe87e5d5a24b5029a59cc12f8fd1056840091b2f0b97e54e83",
    "spendableBalance": "1232751",
    "starred": false,
    "swapHistory": Array [],
    "syncHash": undefined,
    "unitMagnitude": 6,
    "used": true,
    "xpub": "secret1gyauvl44q2apn3u3aujm36q8zrj74vryha27j4",
  },
  Object {
    "balance": "0",
    "currencyId": "secret_network",
    "derivationMode": "",
    "freshAddress": "secret1v2mp0m7k96dm9qv60fkspcqlzpkzrwneqq8y3j",
    "freshAddressPath": "44'/118'/1'/0/0",
    "freshAddresses": Array [
      Object {
        "address": "secret1v2mp0m7k96dm9qv60fkspcqlzpkzrwneqq8y3j",
        "derivationPath": "44'/118'/1'/0/0",
      },
    ],
    "id": "js:2:secret_network:secret1v2mp0m7k96dm9qv60fkspcqlzpkzrwneqq8y3j:",
    "index": 1,
    "name": "SecretNetwork 2",
    "nfts": undefined,
    "pendingOperations": Array [],
    "seedIdentifier": "03d5e0ebb3f1ae2afe87e5d5a24b5029a59cc12f8fd1056840091b2f0b97e54e83",
    "spendableBalance": "0",
    "starred": false,
    "swapHistory": Array [],
    "syncHash": undefined,
    "unitMagnitude": 6,
    "used": false,
    "xpub": "secret1v2mp0m7k96dm9qv60fkspcqlzpkzrwneqq8y3j",
  },
]
`;

exports[`secret_network currency bridge scanAccounts secret_network seed 1 2`] = `
Array [
  Array [],
  Array [],
]
`;
