// Jest Snapshot v1, https://goo.gl/fbAQLP

exports[`sei_network currency bridge scanAccounts sei_network seed 1 1`] = `
Array [
  Object {
    "balance": "278991",
    "currencyId": "sei_network",
    "derivationMode": "",
    "freshAddress": "sei1gyauvl44q2apn3u3aujm36q8zrj74vryc50pfg",
    "freshAddressPath": "44'/118'/0'/0/0",
    "freshAddresses": Array [
      Object {
        "address": "sei1gyauvl44q2apn3u3aujm36q8zrj74vryc50pfg",
        "derivationPath": "44'/118'/0'/0/0",
      },
    ],
    "id": "js:2:sei_network:sei1gyauvl44q2apn3u3aujm36q8zrj74vryc50pfg:",
    "index": 0,
    "name": "SeiNetwork 1",
    "nfts": undefined,
    "seedIdentifier": "03d5e0ebb3f1ae2afe87e5d5a24b5029a59cc12f8fd1056840091b2f0b97e54e83",
    "spendableBalance": "128991",
    "starred": false,
    "swapHistory": Array [],
    "syncHash": undefined,
    "unitMagnitude": 6,
    "used": true,
    "xpub": "sei1gyauvl44q2apn3u3aujm36q8zrj74vryc50pfg",
  },
  Object {
    "balance": "0",
    "currencyId": "sei_network",
    "derivationMode": "",
    "freshAddress": "sei1v2mp0m7k96dm9qv60fkspcqlzpkzrwne0fzm20",
    "freshAddressPath": "44'/118'/1'/0/0",
    "freshAddresses": Array [
      Object {
        "address": "sei1v2mp0m7k96dm9qv60fkspcqlzpkzrwne0fzm20",
        "derivationPath": "44'/118'/1'/0/0",
      },
    ],
    "id": "js:2:sei_network:sei1v2mp0m7k96dm9qv60fkspcqlzpkzrwne0fzm20:",
    "index": 1,
    "name": "SeiNetwork 2",
    "nfts": undefined,
    "seedIdentifier": "03d5e0ebb3f1ae2afe87e5d5a24b5029a59cc12f8fd1056840091b2f0b97e54e83",
    "spendableBalance": "0",
    "starred": false,
    "swapHistory": Array [],
    "syncHash": undefined,
    "unitMagnitude": 6,
    "used": false,
    "xpub": "sei1v2mp0m7k96dm9qv60fkspcqlzpkzrwne0fzm20",
  },
]
`;

exports[`sei_network currency bridge scanAccounts sei_network seed 1 2`] = `
Array [
  Array [],
  Array [],
]
`;
