// Jest Snapshot v1, https://goo.gl/fbAQLP

exports[`stargaze currency bridge scanAccounts stargaze seed 1 1`] = `
Array [
  Object {
    "balance": "2000000",
    "currencyId": "stargaze",
    "derivationMode": "",
    "freshAddress": "stars1gyauvl44q2apn3u3aujm36q8zrj74vrypyf2yc",
    "freshAddressPath": "44'/118'/0'/0/0",
    "freshAddresses": Array [
      Object {
        "address": "stars1gyauvl44q2apn3u3aujm36q8zrj74vrypyf2yc",
        "derivationPath": "44'/118'/0'/0/0",
      },
    ],
    "id": "js:2:stargaze:stars1gyauvl44q2apn3u3aujm36q8zrj74vrypyf2yc:",
    "index": 0,
    "name": "Stargaze 1",
    "nfts": undefined,
    "pendingOperations": Array [],
    "seedIdentifier": "03d5e0ebb3f1ae2afe87e5d5a24b5029a59cc12f8fd1056840091b2f0b97e54e83",
    "spendableBalance": "2000000",
    "starred": false,
    "swapHistory": Array [],
    "syncHash": undefined,
    "unitMagnitude": 6,
    "used": true,
    "xpub": "stars1gyauvl44q2apn3u3aujm36q8zrj74vrypyf2yc",
  },
  Object {
    "balance": "0",
    "currencyId": "stargaze",
    "derivationMode": "",
    "freshAddress": "stars1v2mp0m7k96dm9qv60fkspcqlzpkzrwnekeys8l",
    "freshAddressPath": "44'/118'/1'/0/0",
    "freshAddresses": Array [
      Object {
        "address": "stars1v2mp0m7k96dm9qv60fkspcqlzpkzrwnekeys8l",
        "derivationPath": "44'/118'/1'/0/0",
      },
    ],
    "id": "js:2:stargaze:stars1v2mp0m7k96dm9qv60fkspcqlzpkzrwnekeys8l:",
    "index": 1,
    "name": "Stargaze 2",
    "nfts": undefined,
    "pendingOperations": Array [],
    "seedIdentifier": "03d5e0ebb3f1ae2afe87e5d5a24b5029a59cc12f8fd1056840091b2f0b97e54e83",
    "spendableBalance": "0",
    "starred": false,
    "swapHistory": Array [],
    "syncHash": undefined,
    "unitMagnitude": 6,
    "used": false,
    "xpub": "stars1v2mp0m7k96dm9qv60fkspcqlzpkzrwnekeys8l",
  },
]
`;

exports[`stargaze currency bridge scanAccounts stargaze seed 1 2`] = `
Array [
  Array [],
  Array [],
]
`;
