// Jest Snapshot v1, https://goo.gl/fbAQLP

exports[`osmo currency bridge scanAccounts osmo seed 1 1`] = `
Array [
  Object {
    "balance": "838474",
    "cosmosResources": Object {
      "delegatedBalance": "105249",
      "withdrawAddress": "osmo17gmcxyc5ccd5kwqqatpgfdgh380w2hc77zm0zw",
    },
    "currencyId": "osmo",
    "derivationMode": "",
    "freshAddress": "osmo17gmcxyc5ccd5kwqqatpgfdgh380w2hc77zm0zw",
    "freshAddressPath": "44'/118'/0'/0/0",
    "freshAddresses": Array [
      Object {
        "address": "osmo17gmcxyc5ccd5kwqqatpgfdgh380w2hc77zm0zw",
        "derivationPath": "44'/118'/0'/0/0",
      },
    ],
    "id": "js:2:osmo:osmo17gmcxyc5ccd5kwqqatpgfdgh380w2hc77zm0zw:",
    "index": 0,
    "name": "Osmosis 1",
    "nfts": undefined,
    "operationsCount": 31,
    "pendingOperations": Array [],
    "seedIdentifier": "02dc75cfe8137450ae2259dc7f29fd8767951956cc943adb4387e91c37a058a9f0",
    "starred": false,
    "swapHistory": Array [],
    "syncHash": undefined,
    "unitMagnitude": 6,
    "used": true,
    "xpub": "osmo17gmcxyc5ccd5kwqqatpgfdgh380w2hc77zm0zw",
  },
  Object {
    "balance": "0",
    "cosmosResources": Object {
      "delegatedBalance": "0",
      "withdrawAddress": "osmo19h8cennrkf09sjxqt36lmk93fzyrcwrfxw784y",
    },
    "currencyId": "osmo",
    "derivationMode": "",
    "freshAddress": "osmo19h8cennrkf09sjxqt36lmk93fzyrcwrfxw784y",
    "freshAddressPath": "44'/118'/1'/0/0",
    "freshAddresses": Array [
      Object {
        "address": "osmo19h8cennrkf09sjxqt36lmk93fzyrcwrfxw784y",
        "derivationPath": "44'/118'/1'/0/0",
      },
    ],
    "id": "js:2:osmo:osmo19h8cennrkf09sjxqt36lmk93fzyrcwrfxw784y:",
    "index": 1,
    "name": "Osmosis 2",
    "nfts": undefined,
    "operationsCount": 0,
    "pendingOperations": Array [],
    "seedIdentifier": "02dc75cfe8137450ae2259dc7f29fd8767951956cc943adb4387e91c37a058a9f0",
    "starred": false,
    "swapHistory": Array [],
    "syncHash": undefined,
    "unitMagnitude": 6,
    "used": false,
    "xpub": "osmo19h8cennrkf09sjxqt36lmk93fzyrcwrfxw784y",
  },
]
`;

exports[`osmo currency bridge scanAccounts osmo seed 1 2`] = `
Array [
  Array [
    Object {
      "accountId": "js:2:osmo:osmo17gmcxyc5ccd5kwqqatpgfdgh380w2hc77zm0zw:",
      "blockHash": "F33BFC436EEC04FFEA74A16A5E9F3787A72F1CC610EA7588C7162937DB9E3CBE",
      "blockHeight": 5348862,
      "contract": undefined,
      "extra": Object {},
      "fee": "0",
      "hasFailed": false,
      "hash": "097A6CC48179AD98D70D540F19211BE9023E7951739C0604D35F50278D809CE9",
      "id": "js:2:osmo:osmo17gmcxyc5ccd5kwqqatpgfdgh380w2hc77zm0zw:-097A6CC48179AD98D70D540F19211BE9023E7951739C0604D35F50278D809CE9-OUT",
      "operator": undefined,
      "recipients": Array [
        "osmo10c792arqxymu8fghu3dfwsacxdvqd8glh8j30p",
      ],
      "senders": Array [
        "osmo17gmcxyc5ccd5kwqqatpgfdgh380w2hc77zm0zw",
      ],
      "standard": undefined,
      "tokenId": undefined,
      "type": "OUT",
      "value": "1500000",
    },
    Object {
      "accountId": "js:2:osmo:osmo17gmcxyc5ccd5kwqqatpgfdgh380w2hc77zm0zw:",
      "blockHash": "3DF1F8D92D1515182E330C02818965491D4623035925D3B04FBA9CCB047D251E",
      "blockHeight": 4444218,
      "contract": undefined,
      "extra": Object {},
      "fee": "0",
      "hasFailed": false,
      "hash": "09B121D7949DD8FBEF9B7A23536220F7B33F728900F4717E3485E521B873C40A",
      "id": "js:2:osmo:osmo17gmcxyc5ccd5kwqqatpgfdgh380w2hc77zm0zw:-09B121D7949DD8FBEF9B7A23536220F7B33F728900F4717E3485E521B873C40A-IN",
      "operator": undefined,
      "recipients": Array [
        "osmo17gmcxyc5ccd5kwqqatpgfdgh380w2hc77zm0zw",
      ],
      "senders": Array [
        "osmo15tw7rzf506fxm06smn7y7zlas8uvsmue2y6zaj",
      ],
      "standard": undefined,
      "tokenId": undefined,
      "type": "IN",
      "value": "10000",
    },
    Object {
      "accountId": "js:2:osmo:osmo17gmcxyc5ccd5kwqqatpgfdgh380w2hc77zm0zw:",
      "blockHash": "98A9CCC2EA812010E2FB050D8A8A5079BFF50947C457030CC5FC5A5063B75E24",
      "blockHeight": 4535389,
      "contract": undefined,
      "extra": Object {},
      "fee": "0",
      "hasFailed": false,
      "hash": "17DFF33C67A40D65C16CB88CB1280735C6A8D102F88D2AB5ABFFBB3EF228167E",
      "id": "js:2:osmo:osmo17gmcxyc5ccd5kwqqatpgfdgh380w2hc77zm0zw:-17DFF33C67A40D65C16CB88CB1280735C6A8D102F88D2AB5ABFFBB3EF228167E-IN",
      "operator": undefined,
      "recipients": Array [
        "osmo17gmcxyc5ccd5kwqqatpgfdgh380w2hc77zm0zw",
      ],
      "senders": Array [
        "osmo15tw7rzf506fxm06smn7y7zlas8uvsmue2y6zaj",
      ],
      "standard": undefined,
      "tokenId": undefined,
      "type": "IN",
      "value": "2000000",
    },
    Object {
      "accountId": "js:2:osmo:osmo17gmcxyc5ccd5kwqqatpgfdgh380w2hc77zm0zw:",
      "blockHash": "E2E9B9003B0ACC75D8A78F871775246CB43512EBECD642DF980B1C8E1E1EA058",
      "blockHeight": 4549415,
      "contract": undefined,
      "extra": Object {
        "autoClaimedRewards": "0",
        "memo": "",
        "validators": Array [
          Object {
            "address": "osmovaloper1hjct6q7npsspsg3dgvzk3sdf89spmlpf6t4agt",
            "amount": "3000",
          },
        ],
      },
      "fee": "0",
      "hasFailed": false,
      "hash": "1C66730905CAD1857CA9DE87DE8B8FC5B1A322F2D55E1E245D79C866ABC7DF6E",
      "id": "js:2:osmo:osmo17gmcxyc5ccd5kwqqatpgfdgh380w2hc77zm0zw:-1C66730905CAD1857CA9DE87DE8B8FC5B1A322F2D55E1E245D79C866ABC7DF6E-DELEGATE",
      "operator": undefined,
      "recipients": Array [],
      "senders": Array [],
      "standard": undefined,
      "tokenId": undefined,
      "type": "DELEGATE",
      "value": "3000",
    },
    Object {
      "accountId": "js:2:osmo:osmo17gmcxyc5ccd5kwqqatpgfdgh380w2hc77zm0zw:",
      "blockHash": "0121DF8DDEE0ACE1B24FB72DB95D4CBCE1EDE52766946E7C090E4742F7DE4986",
      "blockHeight": 4535859,
      "contract": undefined,
      "extra": Object {
        "autoClaimedRewards": "0",
        "memo": "Ledger Live",
        "validators": Array [
          Object {
            "address": "osmovaloper1hjct6q7npsspsg3dgvzk3sdf89spmlpf6t4agt",
            "amount": "500000",
          },
        ],
      },
      "fee": "0",
      "hasFailed": false,
      "hash": "31FCAD61915CFB5BF8F9F3FCFB12ECAB858AF8AEDE9A1ABF9F64413882986D8B",
      "id": "js:2:osmo:osmo17gmcxyc5ccd5kwqqatpgfdgh380w2hc77zm0zw:-31FCAD61915CFB5BF8F9F3FCFB12ECAB858AF8AEDE9A1ABF9F64413882986D8B-UNDELEGATE",
      "operator": undefined,
      "recipients": Array [],
      "senders": Array [],
      "standard": undefined,
      "tokenId": undefined,
      "type": "UNDELEGATE",
      "value": "500000",
    },
    Object {
      "accountId": "js:2:osmo:osmo17gmcxyc5ccd5kwqqatpgfdgh380w2hc77zm0zw:",
      "blockHash": "941AA52EEEDAF1F4E294E04F1C66FB9F0F4646E69E5ABAB78B598A6C43834208",
      "blockHeight": 4575936,
      "contract": undefined,
      "extra": Object {},
      "fee": "0",
      "hasFailed": false,
      "hash": "4397E813BAAE6E9B27A3FF01EF25BD0778F0B86F417EB0027643D3E6509C8CB9",
      "id": "js:2:osmo:osmo17gmcxyc5ccd5kwqqatpgfdgh380w2hc77zm0zw:-4397E813BAAE6E9B27A3FF01EF25BD0778F0B86F417EB0027643D3E6509C8CB9-OUT",
      "operator": undefined,
      "recipients": Array [
        "osmo15tw7rzf506fxm06smn7y7zlas8uvsmue2y6zaj",
      ],
      "senders": Array [
        "osmo17gmcxyc5ccd5kwqqatpgfdgh380w2hc77zm0zw",
      ],
      "standard": undefined,
      "tokenId": undefined,
      "type": "OUT",
      "value": "5000",
    },
    Object {
      "accountId": "js:2:osmo:osmo17gmcxyc5ccd5kwqqatpgfdgh380w2hc77zm0zw:",
      "blockHash": "164C77FB836683AE7D10AF92A85238361808AD479D204F4D85AE8AC5609ED0CA",
      "blockHeight": 4580693,
      "contract": undefined,
      "extra": Object {},
      "fee": "0",
      "hasFailed": false,
      "hash": "655B4ACAFCB773C438CB43CD4730D2174942FFE6ED2508D96FE4A11A7F7AAD73",
      "id": "js:2:osmo:osmo17gmcxyc5ccd5kwqqatpgfdgh380w2hc77zm0zw:-655B4ACAFCB773C438CB43CD4730D2174942FFE6ED2508D96FE4A11A7F7AAD73-IN",
      "operator": undefined,
      "recipients": Array [
        "osmo17gmcxyc5ccd5kwqqatpgfdgh380w2hc77zm0zw",
      ],
      "senders": Array [
        "osmo15tw7rzf506fxm06smn7y7zlas8uvsmue2y6zaj",
      ],
      "standard": undefined,
      "tokenId": undefined,
      "type": "IN",
      "value": "1021503",
    },
    Object {
      "accountId": "js:2:osmo:osmo17gmcxyc5ccd5kwqqatpgfdgh380w2hc77zm0zw:",
      "blockHash": "B3AF1D8D74265598AA57B14E35CC543F442DD78EB9051BB9ABE8CB13B960FC31",
      "blockHeight": 4535494,
      "contract": undefined,
      "extra": Object {
        "autoClaimedRewards": "0",
        "memo": "Ledger Live",
        "validators": Array [
          Object {
            "address": "osmovaloper1hjct6q7npsspsg3dgvzk3sdf89spmlpf6t4agt",
            "amount": "5000",
          },
        ],
      },
      "fee": "0",
      "hasFailed": false,
      "hash": "6B64258B81F66C87BDB6ABB2DF42FF1FE165F9EF929034AB021E06E588352691",
      "id": "js:2:osmo:osmo17gmcxyc5ccd5kwqqatpgfdgh380w2hc77zm0zw:-6B64258B81F66C87BDB6ABB2DF42FF1FE165F9EF929034AB021E06E588352691-UNDELEGATE",
      "operator": undefined,
      "recipients": Array [],
      "senders": Array [],
      "standard": undefined,
      "tokenId": undefined,
      "type": "UNDELEGATE",
      "value": "5000",
    },
    Object {
      "accountId": "js:2:osmo:osmo17gmcxyc5ccd5kwqqatpgfdgh380w2hc77zm0zw:",
      "blockHash": "62930AB8D9874BC3FBCAAC806E6B38BB157F2797227C1D28AA7C4F4681C69F73",
      "blockHeight": 4524328,
      "contract": undefined,
      "extra": Object {},
      "fee": "0",
      "hasFailed": false,
      "hash": "788EE01B1FCBC371FFF0664ACBE02592E81D84BBF1849EFFFE1C8D8EC2541327",
      "id": "js:2:osmo:osmo17gmcxyc5ccd5kwqqatpgfdgh380w2hc77zm0zw:-788EE01B1FCBC371FFF0664ACBE02592E81D84BBF1849EFFFE1C8D8EC2541327-IN",
      "operator": undefined,
      "recipients": Array [
        "osmo17gmcxyc5ccd5kwqqatpgfdgh380w2hc77zm0zw",
      ],
      "senders": Array [
        "osmo15tw7rzf506fxm06smn7y7zlas8uvsmue2y6zaj",
      ],
      "standard": undefined,
      "tokenId": undefined,
      "type": "IN",
      "value": "20000",
    },
    Object {
      "accountId": "js:2:osmo:osmo17gmcxyc5ccd5kwqqatpgfdgh380w2hc77zm0zw:",
      "blockHash": "A468F720031AFDD4B6EAE420747833319D462C25C3EB3FCCF24E3FAE0BE92503",
      "blockHeight": 5431337,
      "contract": undefined,
      "extra": Object {
        "autoClaimedRewards": "0",
        "memo": "Ledger Live",
        "validators": Array [
          Object {
            "address": "osmovaloper1hjct6q7npsspsg3dgvzk3sdf89spmlpf6t4agt",
            "amount": "5250",
          },
        ],
      },
      "fee": "875",
      "hasFailed": false,
      "hash": "79C07C6B64E7F3BF1F54570EF55C35CE2C41C0BCD6D726FE913CEAB8B35A00F7",
      "id": "js:2:osmo:osmo17gmcxyc5ccd5kwqqatpgfdgh380w2hc77zm0zw:-79C07C6B64E7F3BF1F54570EF55C35CE2C41C0BCD6D726FE913CEAB8B35A00F7-UNDELEGATE",
      "operator": undefined,
      "recipients": Array [],
      "senders": Array [],
      "standard": undefined,
      "tokenId": undefined,
      "type": "UNDELEGATE",
      "value": "5250",
    },
    Object {
      "accountId": "js:2:osmo:osmo17gmcxyc5ccd5kwqqatpgfdgh380w2hc77zm0zw:",
      "blockHash": "CA4221C86054FDC6201F0F125D3819334784C89CDDBC0542933368E0AAFA551E",
      "blockHeight": 4535474,
      "contract": undefined,
      "extra": Object {
        "autoClaimedRewards": "0",
        "memo": "Ledger Live",
        "validators": Array [
          Object {
            "address": "osmovaloper1hjct6q7npsspsg3dgvzk3sdf89spmlpf6t4agt",
            "amount": "5000",
          },
        ],
      },
      "fee": "0",
      "hasFailed": true,
      "hash": "7C17557FDC3D9962343D9E3CECA0061ACF6DEF7679D4C966CD0B22D15E8404D2",
      "id": "js:2:osmo:osmo17gmcxyc5ccd5kwqqatpgfdgh380w2hc77zm0zw:-7C17557FDC3D9962343D9E3CECA0061ACF6DEF7679D4C966CD0B22D15E8404D2-UNDELEGATE",
      "operator": undefined,
      "recipients": Array [],
      "senders": Array [],
      "standard": undefined,
      "tokenId": undefined,
      "type": "UNDELEGATE",
      "value": "5000",
    },
    Object {
      "accountId": "js:2:osmo:osmo17gmcxyc5ccd5kwqqatpgfdgh380w2hc77zm0zw:",
      "blockHash": "C7EB69D1E1408F2DD6F0485FE6D81E31A42F37E5A10765B70997F4D97674EE9D",
      "blockHeight": 5417449,
      "contract": undefined,
      "extra": Object {},
      "fee": "250",
      "hasFailed": false,
      "hash": "8260065290EF77D494882447C75929BD49575DF8547DBAE1AB1D6172357BF6AC",
      "id": "js:2:osmo:osmo17gmcxyc5ccd5kwqqatpgfdgh380w2hc77zm0zw:-8260065290EF77D494882447C75929BD49575DF8547DBAE1AB1D6172357BF6AC-OUT",
      "operator": undefined,
      "recipients": Array [
        "osmo1xx72kqjlf2qqj88h0wakwv6rp0v8fwh74z9q89",
      ],
      "senders": Array [
        "osmo17gmcxyc5ccd5kwqqatpgfdgh380w2hc77zm0zw",
      ],
      "standard": undefined,
      "tokenId": undefined,
      "type": "OUT",
      "value": "200500",
    },
    Object {
      "accountId": "js:2:osmo:osmo17gmcxyc5ccd5kwqqatpgfdgh380w2hc77zm0zw:",
      "blockHash": "3D453D6DA76B7E7A8511E7A2DB0D88E3301A165D4F519520361CFC75E1575A28",
      "blockHeight": 4535449,
      "contract": undefined,
      "extra": Object {
        "autoClaimedRewards": "0",
        "memo": "Ledger Live",
        "validators": Array [
          Object {
            "address": "osmovaloper1hjct6q7npsspsg3dgvzk3sdf89spmlpf6t4agt",
            "amount": "5000",
          },
        ],
      },
      "fee": "0",
      "hasFailed": true,
      "hash": "8E4A63862EE5EFD5F4874E4F680A24711A1B902CDA018156DDE719AA94E4C7A7",
      "id": "js:2:osmo:osmo17gmcxyc5ccd5kwqqatpgfdgh380w2hc77zm0zw:-8E4A63862EE5EFD5F4874E4F680A24711A1B902CDA018156DDE719AA94E4C7A7-UNDELEGATE",
      "operator": undefined,
      "recipients": Array [],
      "senders": Array [],
      "standard": undefined,
      "tokenId": undefined,
      "type": "UNDELEGATE",
      "value": "5000",
    },
    Object {
      "accountId": "js:2:osmo:osmo17gmcxyc5ccd5kwqqatpgfdgh380w2hc77zm0zw:",
      "blockHash": "D56F27506AE30FC57E48BDD4E3E355C352ECBD8D7177021A516CFE026BD60E61",
      "blockHeight": 5431343,
      "contract": undefined,
      "extra": Object {
        "autoClaimedRewards": "0",
        "memo": "Ledger Live",
        "sourceValidator": "osmovaloper1hjct6q7npsspsg3dgvzk3sdf89spmlpf6t4agt",
        "validators": Array [
          Object {
            "address": "osmovaloper1clpqr4nrk4khgkxj78fcwwh6dl3uw4ep88n0y4",
            "amount": "52625",
          },
        ],
      },
      "fee": "1375",
      "hasFailed": false,
      "hash": "937D9FBF121E797AD4391384E007313315527A832D2D0A239B11E0896E62B092",
      "id": "js:2:osmo:osmo17gmcxyc5ccd5kwqqatpgfdgh380w2hc77zm0zw:-937D9FBF121E797AD4391384E007313315527A832D2D0A239B11E0896E62B092-REDELEGATE",
      "operator": undefined,
      "recipients": Array [],
      "senders": Array [],
      "standard": undefined,
      "tokenId": undefined,
      "type": "REDELEGATE",
      "value": "52625",
    },
    Object {
      "accountId": "js:2:osmo:osmo17gmcxyc5ccd5kwqqatpgfdgh380w2hc77zm0zw:",
      "blockHash": "B5E855410965369D0D7A053689197CFFCA797F956EA2B5118365C1E5C244182F",
      "blockHeight": 4535372,
      "contract": undefined,
      "extra": Object {
        "autoClaimedRewards": "0",
        "memo": "Ledger Live",
        "validators": Array [
          Object {
            "address": "osmovaloper1hjct6q7npsspsg3dgvzk3sdf89spmlpf6t4agt",
            "amount": "5000",
          },
        ],
      },
      "fee": "0",
      "hasFailed": true,
      "hash": "9B7ABD16B64D321F6AA7D52DE424E343C0BC7DB430A50EA65ADD48858913FCA4",
      "id": "js:2:osmo:osmo17gmcxyc5ccd5kwqqatpgfdgh380w2hc77zm0zw:-9B7ABD16B64D321F6AA7D52DE424E343C0BC7DB430A50EA65ADD48858913FCA4-UNDELEGATE",
      "operator": undefined,
      "recipients": Array [],
      "senders": Array [],
      "standard": undefined,
      "tokenId": undefined,
      "type": "UNDELEGATE",
      "value": "5000",
    },
    Object {
      "accountId": "js:2:osmo:osmo17gmcxyc5ccd5kwqqatpgfdgh380w2hc77zm0zw:",
      "blockHash": "322FC68BEE2A27BEBFFBE49218F53FC5B317B9A7611292AB73E5E9F815857EFF",
      "blockHeight": 4548480,
      "contract": undefined,
      "extra": Object {
        "autoClaimedRewards": "31",
        "memo": "Ledger Live",
        "validators": Array [
          Object {
            "address": "osmovaloper1hjct6q7npsspsg3dgvzk3sdf89spmlpf6t4agt",
            "amount": "1000",
          },
        ],
      },
      "fee": "0",
      "hasFailed": false,
      "hash": "AC2CF951F126B945E1918E44BC539358EF53CAEF2F1440163D2A163F3884FB19",
      "id": "js:2:osmo:osmo17gmcxyc5ccd5kwqqatpgfdgh380w2hc77zm0zw:-AC2CF951F126B945E1918E44BC539358EF53CAEF2F1440163D2A163F3884FB19-UNDELEGATE",
      "operator": undefined,
      "recipients": Array [],
      "senders": Array [],
      "standard": undefined,
      "tokenId": undefined,
      "type": "UNDELEGATE",
      "value": "1000",
    },
    Object {
      "accountId": "js:2:osmo:osmo17gmcxyc5ccd5kwqqatpgfdgh380w2hc77zm0zw:",
      "blockHash": "52EC7F518571B1F0700F5DAB7A5E39E1C7A93C30B5B16E49119F60CDA0E173F2",
      "blockHeight": 4535365,
      "contract": undefined,
      "extra": Object {
        "autoClaimedRewards": "0",
        "memo": "",
        "validators": Array [
          Object {
            "address": "osmovaloper1hjct6q7npsspsg3dgvzk3sdf89spmlpf6t4agt",
            "amount": "14999",
          },
        ],
      },
      "fee": "0",
      "hasFailed": false,
      "hash": "AE75158AC06C23B0BBF1CFF7F9F97C28E1F9BA8D4C8FAA1CB3535E99679DC333",
      "id": "js:2:osmo:osmo17gmcxyc5ccd5kwqqatpgfdgh380w2hc77zm0zw:-AE75158AC06C23B0BBF1CFF7F9F97C28E1F9BA8D4C8FAA1CB3535E99679DC333-DELEGATE",
      "operator": undefined,
      "recipients": Array [],
      "senders": Array [],
      "standard": undefined,
      "tokenId": undefined,
      "type": "DELEGATE",
      "value": "14999",
    },
    Object {
      "accountId": "js:2:osmo:osmo17gmcxyc5ccd5kwqqatpgfdgh380w2hc77zm0zw:",
      "blockHash": "FF56538E3EBC210D66414DFD8AA0D02C315672E7B21A251A96D3119FB30F00E1",
      "blockHeight": 4444199,
      "contract": undefined,
      "extra": Object {},
      "fee": "0",
      "hasFailed": false,
      "hash": "BC2614D8924DF70B5646E5034F035A387F04E0C39D76F0ACEACB79D13FACACC3",
      "id": "js:2:osmo:osmo17gmcxyc5ccd5kwqqatpgfdgh380w2hc77zm0zw:-BC2614D8924DF70B5646E5034F035A387F04E0C39D76F0ACEACB79D13FACACC3-OUT",
      "operator": undefined,
      "recipients": Array [
        "osmo15tw7rzf506fxm06smn7y7zlas8uvsmue2y6zaj",
      ],
      "senders": Array [
        "osmo17gmcxyc5ccd5kwqqatpgfdgh380w2hc77zm0zw",
      ],
      "standard": undefined,
      "tokenId": undefined,
      "type": "OUT",
      "value": "10000",
    },
    Object {
      "accountId": "js:2:osmo:osmo17gmcxyc5ccd5kwqqatpgfdgh380w2hc77zm0zw:",
      "blockHash": "CE87A800B5A6DDB5B8BA2464F182E3559BEB8328B0AF86FF186CE0EE0C12E142",
      "blockHeight": 4524407,
      "contract": undefined,
      "extra": Object {
        "autoClaimedRewards": "0",
        "memo": "",
        "validators": Array [
          Object {
            "address": "osmovaloper1hjct6q7npsspsg3dgvzk3sdf89spmlpf6t4agt",
            "amount": "10000",
          },
        ],
      },
      "fee": "0",
      "hasFailed": false,
      "hash": "C74919325B627ED12D3ED41A4CB89EEE1C341D00C1B9D7C18739A564AF83D19A",
      "id": "js:2:osmo:osmo17gmcxyc5ccd5kwqqatpgfdgh380w2hc77zm0zw:-C74919325B627ED12D3ED41A4CB89EEE1C341D00C1B9D7C18739A564AF83D19A-DELEGATE",
      "operator": undefined,
      "recipients": Array [],
      "senders": Array [],
      "standard": undefined,
      "tokenId": undefined,
      "type": "DELEGATE",
      "value": "10000",
    },
    Object {
      "accountId": "js:2:osmo:osmo17gmcxyc5ccd5kwqqatpgfdgh380w2hc77zm0zw:",
      "blockHash": "18CE5F5D16EE4104258FF02E7EFFEFCF25FC53317F905011D2EB7192C318E657",
      "blockHeight": 4535435,
      "contract": undefined,
      "extra": Object {
        "autoClaimedRewards": "0",
        "memo": "Ledger Live",
        "validators": Array [
          Object {
            "address": "osmovaloper1hjct6q7npsspsg3dgvzk3sdf89spmlpf6t4agt",
            "amount": "5000",
          },
        ],
      },
      "fee": "0",
      "hasFailed": true,
      "hash": "CA3E3E8D5E91DD7B32121C059B8D5526753E768CD6013B99DA776DA5BBCFB793",
      "id": "js:2:osmo:osmo17gmcxyc5ccd5kwqqatpgfdgh380w2hc77zm0zw:-CA3E3E8D5E91DD7B32121C059B8D5526753E768CD6013B99DA776DA5BBCFB793-UNDELEGATE",
      "operator": undefined,
      "recipients": Array [],
      "senders": Array [],
      "standard": undefined,
      "tokenId": undefined,
      "type": "UNDELEGATE",
      "value": "5000",
    },
    Object {
      "accountId": "js:2:osmo:osmo17gmcxyc5ccd5kwqqatpgfdgh380w2hc77zm0zw:",
      "blockHash": "CF2F47E46E58BE1296993057147480EABA5EC192804C38EF007473F2E5FB7754",
      "blockHeight": 5417428,
      "contract": undefined,
      "extra": Object {},
      "fee": "250",
      "hasFailed": false,
      "hash": "D410FADC2BD4F32B491E08BF7DC10880906AF27C56C4C572FFAD12094FAAD52A",
      "id": "js:2:osmo:osmo17gmcxyc5ccd5kwqqatpgfdgh380w2hc77zm0zw:-D410FADC2BD4F32B491E08BF7DC10880906AF27C56C4C572FFAD12094FAAD52A-OUT",
      "operator": undefined,
      "recipients": Array [
        "osmo10h50supk4en682vrjkc6wkgkpcyxyqn4vxjy2c",
      ],
      "senders": Array [
        "osmo17gmcxyc5ccd5kwqqatpgfdgh380w2hc77zm0zw",
      ],
      "standard": undefined,
      "tokenId": undefined,
      "type": "OUT",
      "value": "500500",
    },
    Object {
      "accountId": "js:2:osmo:osmo17gmcxyc5ccd5kwqqatpgfdgh380w2hc77zm0zw:",
      "blockHash": "DACC653AA6365DFE2048F6AC66CC2622489CC6B1ECA216DEECDDE08901C8F5BF",
      "blockHeight": 4535852,
      "contract": undefined,
      "extra": Object {
        "autoClaimedRewards": "32",
        "memo": "",
        "validators": Array [
          Object {
            "address": "osmovaloper1hjct6q7npsspsg3dgvzk3sdf89spmlpf6t4agt",
            "amount": "500000",
          },
        ],
      },
      "fee": "0",
      "hasFailed": false,
      "hash": "E2ABB673D8AAF627CD4992F2C5F1CF04D52773B56BABFF888156EB826293B8BE",
      "id": "js:2:osmo:osmo17gmcxyc5ccd5kwqqatpgfdgh380w2hc77zm0zw:-E2ABB673D8AAF627CD4992F2C5F1CF04D52773B56BABFF888156EB826293B8BE-DELEGATE",
      "operator": undefined,
      "recipients": Array [],
      "senders": Array [],
      "standard": undefined,
      "tokenId": undefined,
      "type": "DELEGATE",
      "value": "500000",
    },
    Object {
      "accountId": "js:2:osmo:osmo17gmcxyc5ccd5kwqqatpgfdgh380w2hc77zm0zw:",
      "blockHash": "28DDB0CAA05299DBFC1AAF76D6D2D5DBA80136BCE98C4E63B0A774679FD09EC9",
      "blockHeight": 4535394,
      "contract": undefined,
      "extra": Object {
        "autoClaimedRewards": "0",
        "memo": "Ledger Live",
        "validators": Array [
          Object {
            "address": "osmovaloper1hjct6q7npsspsg3dgvzk3sdf89spmlpf6t4agt",
            "amount": "5000",
          },
        ],
      },
      "fee": "0",
      "hasFailed": true,
      "hash": "E44BCAA9988BF33CDF9172E033BCF14A0AFD5D539B0C3BC465EF0276DD4DA2DC",
      "id": "js:2:osmo:osmo17gmcxyc5ccd5kwqqatpgfdgh380w2hc77zm0zw:-E44BCAA9988BF33CDF9172E033BCF14A0AFD5D539B0C3BC465EF0276DD4DA2DC-UNDELEGATE",
      "operator": undefined,
      "recipients": Array [],
      "senders": Array [],
      "standard": undefined,
      "tokenId": undefined,
      "type": "UNDELEGATE",
      "value": "5000",
    },
    Object {
      "accountId": "js:2:osmo:osmo17gmcxyc5ccd5kwqqatpgfdgh380w2hc77zm0zw:",
      "blockHash": "8A7649903DD8210C64C3CACC410B0C896760941C2DCD3B582C247E60373DB17F",
      "blockHeight": 4442746,
      "contract": undefined,
      "extra": Object {},
      "fee": "0",
      "hasFailed": false,
      "hash": "E5A404D968F753C89980FE869BDFAB8FDBDD7EB8E31B134F6774C08CA86721A8",
      "id": "js:2:osmo:osmo17gmcxyc5ccd5kwqqatpgfdgh380w2hc77zm0zw:-E5A404D968F753C89980FE869BDFAB8FDBDD7EB8E31B134F6774C08CA86721A8-IN",
      "operator": undefined,
      "recipients": Array [
        "osmo17gmcxyc5ccd5kwqqatpgfdgh380w2hc77zm0zw",
      ],
      "senders": Array [
        "osmo15tw7rzf506fxm06smn7y7zlas8uvsmue2y6zaj",
      ],
      "standard": undefined,
      "tokenId": undefined,
      "type": "IN",
      "value": "10000",
    },
    Object {
      "accountId": "js:2:osmo:osmo17gmcxyc5ccd5kwqqatpgfdgh380w2hc77zm0zw:",
      "blockHash": "71736CBA6055E8330A928056670814302F2D3DBDFFF3B051998B30E23C6B7C14",
      "blockHeight": 4444250,
      "contract": undefined,
      "extra": Object {},
      "fee": "0",
      "hasFailed": false,
      "hash": "E6885B05B36C3D38B727AB86CF01EE6411F591B1EC82BA62BE2C9134CCE68E4D",
      "id": "js:2:osmo:osmo17gmcxyc5ccd5kwqqatpgfdgh380w2hc77zm0zw:-E6885B05B36C3D38B727AB86CF01EE6411F591B1EC82BA62BE2C9134CCE68E4D-OUT",
      "operator": undefined,
      "recipients": Array [
        "osmo15tw7rzf506fxm06smn7y7zlas8uvsmue2y6zaj",
      ],
      "senders": Array [
        "osmo17gmcxyc5ccd5kwqqatpgfdgh380w2hc77zm0zw",
      ],
      "standard": undefined,
      "tokenId": undefined,
      "type": "OUT",
      "value": "5000",
    },
    Object {
      "accountId": "js:2:osmo:osmo17gmcxyc5ccd5kwqqatpgfdgh380w2hc77zm0zw:",
      "blockHash": "B8F269FF89C00CFE11D6509B7EC893CA0C26FB407E1C8E54C81CE4FE5CDA3A98",
      "blockHeight": 4708609,
      "contract": undefined,
      "extra": Object {
        "autoClaimedRewards": "0",
        "memo": "Ledger Live",
        "validators": Array [
          Object {
            "address": "osmovaloper1hjct6q7npsspsg3dgvzk3sdf89spmlpf6t4agt",
            "amount": "10500",
          },
        ],
      },
      "fee": "0",
      "hasFailed": true,
      "hash": "EE779980AF9D10D85CB76B2F47EF009C3043CD013D8967D4FA63AEEE88199437",
      "id": "js:2:osmo:osmo17gmcxyc5ccd5kwqqatpgfdgh380w2hc77zm0zw:-EE779980AF9D10D85CB76B2F47EF009C3043CD013D8967D4FA63AEEE88199437-UNDELEGATE",
      "operator": undefined,
      "recipients": Array [],
      "senders": Array [],
      "standard": undefined,
      "tokenId": undefined,
      "type": "UNDELEGATE",
      "value": "10500",
    },
    Object {
      "accountId": "js:2:osmo:osmo17gmcxyc5ccd5kwqqatpgfdgh380w2hc77zm0zw:",
      "blockHash": "ADEA03C8B12FEF8C2CC3F46CF20A16D4640BD9CCE1D0A02FC79D2543C5D40B6D",
      "blockHeight": 4708649,
      "contract": undefined,
      "extra": Object {
        "autoClaimedRewards": "366",
        "memo": "Ledger Live",
        "validators": Array [
          Object {
            "address": "osmovaloper1hjct6q7npsspsg3dgvzk3sdf89spmlpf6t4agt",
            "amount": "10500",
          },
        ],
      },
      "fee": "0",
      "hasFailed": false,
      "hash": "F40546179AD91D941726309BCC8EE267DF25CC873F1C4728EBB92E0B7752E12E",
      "id": "js:2:osmo:osmo17gmcxyc5ccd5kwqqatpgfdgh380w2hc77zm0zw:-F40546179AD91D941726309BCC8EE267DF25CC873F1C4728EBB92E0B7752E12E-UNDELEGATE",
      "operator": undefined,
      "recipients": Array [],
      "senders": Array [],
      "standard": undefined,
      "tokenId": undefined,
      "type": "UNDELEGATE",
      "value": "10500",
    },
    Object {
      "accountId": "js:2:osmo:osmo17gmcxyc5ccd5kwqqatpgfdgh380w2hc77zm0zw:",
      "blockHash": "1D266C72C1F75BD33478510FE5B4EFB7EF4C855F14256074BCAB7586CC83956E",
      "blockHeight": 5431333,
      "contract": undefined,
      "extra": Object {
        "autoClaimedRewards": "543",
        "memo": "Ledger Live",
        "validators": Array [
          Object {
            "address": "osmovaloper1hjct6q7npsspsg3dgvzk3sdf89spmlpf6t4agt",
            "amount": "100000",
          },
        ],
      },
      "fee": "750",
      "hasFailed": false,
      "hash": "F4F3CED63F3A71D0141401F780341BAE69E9083D1421C7B0ED568035F430217B",
      "id": "js:2:osmo:osmo17gmcxyc5ccd5kwqqatpgfdgh380w2hc77zm0zw:-F4F3CED63F3A71D0141401F780341BAE69E9083D1421C7B0ED568035F430217B-DELEGATE",
      "operator": undefined,
      "recipients": Array [],
      "senders": Array [],
      "standard": undefined,
      "tokenId": undefined,
      "type": "DELEGATE",
      "value": "100000",
    },
    Object {
      "accountId": "js:2:osmo:osmo17gmcxyc5ccd5kwqqatpgfdgh380w2hc77zm0zw:",
      "blockHash": "A900826B680C57650A7F65D33B2D6F727268E00F8B4B98EC4E126118EDDA80B6",
      "blockHeight": 4559677,
      "contract": undefined,
      "extra": Object {
        "autoClaimedRewards": "0",
        "memo": "Ledger Live",
        "validators": Array [
          Object {
            "address": "osmovaloper1hjct6q7npsspsg3dgvzk3sdf89spmlpf6t4agt",
            "amount": "1000",
          },
        ],
      },
      "fee": "0",
      "hasFailed": false,
      "hash": "F6AAC1F356C984943275521BF3B27801091E1CC434BAEFCD3F5F58D53FC36C5C",
      "id": "js:2:osmo:osmo17gmcxyc5ccd5kwqqatpgfdgh380w2hc77zm0zw:-F6AAC1F356C984943275521BF3B27801091E1CC434BAEFCD3F5F58D53FC36C5C-UNDELEGATE",
      "operator": undefined,
      "recipients": Array [],
      "senders": Array [],
      "standard": undefined,
      "tokenId": undefined,
      "type": "UNDELEGATE",
      "value": "1000",
    },
    Object {
      "accountId": "js:2:osmo:osmo17gmcxyc5ccd5kwqqatpgfdgh380w2hc77zm0zw:",
      "blockHash": "BB47B464B0231BCA3CCFEFCB72EBE0B9510438396C71EEB4F5D4B8F0B6789BE4",
      "blockHeight": 4535293,
      "contract": undefined,
      "extra": Object {
        "autoClaimedRewards": "0",
        "memo": "Ledger Live",
        "validators": Array [
          Object {
            "address": "osmovaloper1hjct6q7npsspsg3dgvzk3sdf89spmlpf6t4agt",
            "amount": "5000",
          },
        ],
      },
      "fee": "0",
      "hasFailed": true,
      "hash": "F97E69F587649A3E8243590DE0FB6EDE8D53647DA47654DAE5A667AD462991A1",
      "id": "js:2:osmo:osmo17gmcxyc5ccd5kwqqatpgfdgh380w2hc77zm0zw:-F97E69F587649A3E8243590DE0FB6EDE8D53647DA47654DAE5A667AD462991A1-UNDELEGATE",
      "operator": undefined,
      "recipients": Array [],
      "senders": Array [],
      "standard": undefined,
      "tokenId": undefined,
      "type": "UNDELEGATE",
      "value": "5000",
    },
    Object {
      "accountId": "js:2:osmo:osmo17gmcxyc5ccd5kwqqatpgfdgh380w2hc77zm0zw:",
      "blockHash": "9EEDC8D51FD3A282F3C9819467D93A72ECBA7F40A6E429B2E7250294F44CFFA7",
      "blockHeight": 4444681,
      "contract": undefined,
      "extra": Object {},
      "fee": "0",
      "hasFailed": false,
      "hash": "FDE817A0F70758F3D8174B985EA186AC13C8D3C80C19BB8F6646479CE7D3F32F",
      "id": "js:2:osmo:osmo17gmcxyc5ccd5kwqqatpgfdgh380w2hc77zm0zw:-FDE817A0F70758F3D8174B985EA186AC13C8D3C80C19BB8F6646479CE7D3F32F-OUT",
      "operator": undefined,
      "recipients": Array [
        "osmo15tw7rzf506fxm06smn7y7zlas8uvsmue2y6zaj",
      ],
      "senders": Array [
        "osmo17gmcxyc5ccd5kwqqatpgfdgh380w2hc77zm0zw",
      ],
      "standard": undefined,
      "tokenId": undefined,
      "type": "OUT",
      "value": "1",
    },
  ],
  Array [],
]
`;
