// Jest Snapshot v1, https://goo.gl/fbAQLP

exports[`all USDT are countervalue enabled 1`] = `
[
  "ethereum/erc20/usd_tether__erc20_",
]
`;
