// Jest Snapshot v1, https://goo.gl/fbAQLP

exports[`all USDT are countervalue enabled 1`] = `
[
  "algorand/asa/312769",
  "bsc/bep20/binance-peg_bsc-usd",
  "elrond/esdt/555344542d663863303863",
  "ethereum/erc20/usd_tether__erc20_",
  "polygon/erc20/(pos)_tether_usd",
  "tron/trc20/tr7nhqjekqxgtci8q8zy4pl8otszgjlj6t",
]
`;
