// Jest Snapshot v1, https://goo.gl/fbAQLP

exports[`celo currency bridge scanAccounts Celo 1 1`] = `
Array [
  Object {
    "balance": "200081719000000000",
    "celoResources": Object {
      "electionAddress": "0x8D6677192144292870907E3Fa8A5527fE55A7ff6",
      "lockedBalance": "200000000000000000",
      "lockedGoldAddress": "0x6cC083Aed9e3ebe302A6336dBC7c921C9f03349E",
      "maxNumGroupsVotedFor": "10",
      "nonvotingLockedBalance": "100000000000000000",
      "pendingWithdrawals": Array [],
      "registrationStatus": true,
      "votes": Array [
        Object {
          "activatable": true,
          "amount": "50000000000000000",
          "index": 0,
          "revokable": true,
          "type": "pending",
          "validatorGroup": "0x0861a61Bf679A30680510EcC238ee43B82C5e843",
        },
        Object {
          "activatable": true,
          "amount": "50000000000000000",
          "index": 0,
          "revokable": true,
          "type": "pending",
          "validatorGroup": "0x35aE10F412503aBcf9275133613E8df7f56E72Be",
        },
      ],
    },
    "currencyId": "celo",
    "derivationMode": "",
    "freshAddress": "0xcfD48e0FAf9f19377509cE68a6A6F4D9C85ff8AB",
    "freshAddressPath": "44'/52752'/0'/0/0",
    "freshAddresses": Array [
      Object {
        "address": "0xcfD48e0FAf9f19377509cE68a6A6F4D9C85ff8AB",
        "derivationPath": "44'/52752'/0'/0/0",
      },
    ],
    "id": "js:2:celo:0xcfD48e0FAf9f19377509cE68a6A6F4D9C85ff8AB:",
    "index": 0,
    "name": "Celo 1",
    "nfts": undefined,
    "operationsCount": 7,
    "pendingOperations": Array [],
    "seedIdentifier": "0453390dcc1e6f1be0fb34f837b278ed1b4c84097c7493c13a0d915c735af1d8aa445d2738a95e8f50bc22abd2e17cb868d4db22a623d99d861740eb93373d50a3",
    "spendableBalance": "81719000000000",
    "starred": false,
    "swapHistory": Array [],
    "syncHash": undefined,
    "unitMagnitude": 18,
    "used": true,
  },
  Object {
    "balance": "0",
    "celoResources": Object {
      "electionAddress": "0x8D6677192144292870907E3Fa8A5527fE55A7ff6",
      "lockedBalance": "0",
      "lockedGoldAddress": "0x6cC083Aed9e3ebe302A6336dBC7c921C9f03349E",
      "maxNumGroupsVotedFor": "10",
      "nonvotingLockedBalance": "0",
      "pendingWithdrawals": Array [],
      "registrationStatus": false,
      "votes": Array [],
    },
    "currencyId": "celo",
    "derivationMode": "",
    "freshAddress": "0x2cC7E5913bADa8FA2895bDeF7F4C2E36C2368Abb",
    "freshAddressPath": "44'/52752'/1'/0/0",
    "freshAddresses": Array [
      Object {
        "address": "0x2cC7E5913bADa8FA2895bDeF7F4C2E36C2368Abb",
        "derivationPath": "44'/52752'/1'/0/0",
      },
    ],
    "id": "js:2:celo:0x2cC7E5913bADa8FA2895bDeF7F4C2E36C2368Abb:",
    "index": 1,
    "name": "Celo 2",
    "nfts": undefined,
    "operationsCount": 0,
    "pendingOperations": Array [],
    "seedIdentifier": "0453390dcc1e6f1be0fb34f837b278ed1b4c84097c7493c13a0d915c735af1d8aa445d2738a95e8f50bc22abd2e17cb868d4db22a623d99d861740eb93373d50a3",
    "spendableBalance": "0",
    "starred": false,
    "swapHistory": Array [],
    "syncHash": undefined,
    "unitMagnitude": 18,
    "used": false,
  },
]
`;

exports[`celo currency bridge scanAccounts Celo 1 2`] = `
Array [
  Array [
    Object {
      "accountId": "js:2:celo:0xcfD48e0FAf9f19377509cE68a6A6F4D9C85ff8AB:",
      "blockHash": null,
      "blockHeight": 14356282,
      "contract": undefined,
      "extra": Object {
        "celoOperationValue": "150000000000000000",
      },
      "fee": "33936000000000",
      "hasFailed": false,
      "hash": "0x13b90cebe150eadbebd525200f2ff7ae8e838defbee31a9812a802356705b0f2",
      "id": "js:2:celo:0xcfD48e0FAf9f19377509cE68a6A6F4D9C85ff8AB:-0x13b90cebe150eadbebd525200f2ff7ae8e838defbee31a9812a802356705b0f2-LOCK",
      "operator": undefined,
      "recipients": Array [
        "0x6cc083aed9e3ebe302a6336dbc7c921c9f03349e",
      ],
      "senders": Array [
        "0xcfd48e0faf9f19377509ce68a6a6f4d9c85ff8ab",
      ],
      "standard": undefined,
      "tokenId": undefined,
      "type": "LOCK",
      "value": "33936000000000",
    },
    Object {
      "accountId": "js:2:celo:0xcfD48e0FAf9f19377509cE68a6A6F4D9C85ff8AB:",
      "blockHash": null,
      "blockHeight": 14356260,
      "contract": undefined,
      "extra": Object {
        "celoOperationValue": "0",
      },
      "fee": "23628500000000",
      "hasFailed": false,
      "hash": "0x1bedc04795ee8c4b8739e661498ad7721f5f0f8dc957a7e2009314d447be20a8",
      "id": "js:2:celo:0xcfD48e0FAf9f19377509cE68a6A6F4D9C85ff8AB:-0x1bedc04795ee8c4b8739e661498ad7721f5f0f8dc957a7e2009314d447be20a8-REGISTER",
      "operator": undefined,
      "recipients": Array [
        "0x7d21685c17607338b313a7174bab6620bad0aab7",
      ],
      "senders": Array [
        "0xcfd48e0faf9f19377509ce68a6a6f4d9c85ff8ab",
      ],
      "standard": undefined,
      "tokenId": undefined,
      "type": "REGISTER",
      "value": "23628500000000",
    },
    Object {
      "accountId": "js:2:celo:0xcfD48e0FAf9f19377509cE68a6A6F4D9C85ff8AB:",
      "blockHash": null,
      "blockHeight": 14356275,
      "contract": undefined,
      "extra": Object {
        "celoOperationValue": "50000000000000000",
        "celoSourceValidator": "0x0861a61bf679a30680510ecc238ee43b82c5e843",
      },
      "fee": "104239000000000",
      "hasFailed": false,
      "hash": "0x3f8609e7d154aac9d4165d0587ecbf058dcd45a9b86d313558c0066069d8ef0d",
      "id": "js:2:celo:0xcfD48e0FAf9f19377509cE68a6A6F4D9C85ff8AB:-0x3f8609e7d154aac9d4165d0587ecbf058dcd45a9b86d313558c0066069d8ef0d-VOTE",
      "operator": undefined,
      "recipients": Array [
        "0x0861a61bf679a30680510ecc238ee43b82c5e843",
      ],
      "senders": Array [
        "0xcfd48e0faf9f19377509ce68a6a6f4d9c85ff8ab",
      ],
      "standard": undefined,
      "tokenId": undefined,
      "type": "VOTE",
      "value": "104239000000000",
    },
    Object {
      "accountId": "js:2:celo:0xcfD48e0FAf9f19377509cE68a6A6F4D9C85ff8AB:",
      "blockHash": null,
      "blockHeight": 14345376,
      "contract": undefined,
      "extra": Object {
        "celoOperationValue": "399893159500000000",
      },
      "fee": "18281000000000",
      "hasFailed": false,
      "hash": "0x6aa0cc933bfcf828bad4bfc16f9474b287aa754ec37f19563724ea60c1c2e2da",
      "id": "js:2:celo:0xcfD48e0FAf9f19377509cE68a6A6F4D9C85ff8AB:-0x6aa0cc933bfcf828bad4bfc16f9474b287aa754ec37f19563724ea60c1c2e2da-IN",
      "operator": undefined,
      "recipients": Array [
        "0xcfD48e0FAf9f19377509cE68a6A6F4D9C85ff8AB",
      ],
      "senders": Array [
        "0x330be4C2B77f0f08f037c1D04788D00344765556",
      ],
      "standard": undefined,
      "tokenId": undefined,
      "type": "IN",
      "value": "399893159500000000",
    },
    Object {
      "accountId": "js:2:celo:0xcfD48e0FAf9f19377509cE68a6A6F4D9C85ff8AB:",
      "blockHash": null,
      "blockHeight": 14391317,
      "contract": undefined,
      "extra": Object {
        "celoOperationValue": "199497368500000000",
      },
      "fee": "18281000000000",
      "hasFailed": false,
      "hash": "0x9d8263a088cf91dd3376b2c4a033a51401414441cf747fde724901b4480b563f",
      "id": "js:2:celo:0xcfD48e0FAf9f19377509cE68a6A6F4D9C85ff8AB:-0x9d8263a088cf91dd3376b2c4a033a51401414441cf747fde724901b4480b563f-OUT",
      "operator": undefined,
      "recipients": Array [
        "0xDE680aC69f10F8B7e8B547f6da866369D059ac81",
      ],
      "senders": Array [
        "0xcfD48e0FAf9f19377509cE68a6A6F4D9C85ff8AB",
      ],
      "standard": undefined,
      "tokenId": undefined,
      "type": "OUT",
      "value": "199497368500000000",
    },
    Object {
      "accountId": "js:2:celo:0xcfD48e0FAf9f19377509cE68a6A6F4D9C85ff8AB:",
      "blockHash": null,
      "blockHeight": 14356307,
      "contract": undefined,
      "extra": Object {
        "celoOperationValue": "50000000000000000",
        "celoSourceValidator": "0x35ae10f412503abcf9275133613e8df7f56e72be",
      },
      "fee": "100051500000000",
      "hasFailed": false,
      "hash": "0xb1d95aa993e5175effba1eec6aa7e5a557c5e1d6f8c3d4414fbe6e206b6f8841",
      "id": "js:2:celo:0xcfD48e0FAf9f19377509cE68a6A6F4D9C85ff8AB:-0xb1d95aa993e5175effba1eec6aa7e5a557c5e1d6f8c3d4414fbe6e206b6f8841-VOTE",
      "operator": undefined,
      "recipients": Array [
        "0x35ae10f412503abcf9275133613e8df7f56e72be",
      ],
      "senders": Array [
        "0xcfd48e0faf9f19377509ce68a6a6f4d9c85ff8ab",
      ],
      "standard": undefined,
      "tokenId": undefined,
      "type": "VOTE",
      "value": "100051500000000",
    },
    Object {
      "accountId": "js:2:celo:0xcfD48e0FAf9f19377509cE68a6A6F4D9C85ff8AB:",
      "blockHash": null,
      "blockHeight": 14356267,
      "contract": undefined,
      "extra": Object {
        "celoOperationValue": "50000000000000000",
      },
      "fee": "33936000000000",
      "hasFailed": false,
      "hash": "0xd00974d8cb71e48ac9a3085579c9b589a4d67cec348aa61b9b48cc7b3bcd54bf",
      "id": "js:2:celo:0xcfD48e0FAf9f19377509cE68a6A6F4D9C85ff8AB:-0xd00974d8cb71e48ac9a3085579c9b589a4d67cec348aa61b9b48cc7b3bcd54bf-LOCK",
      "operator": undefined,
      "recipients": Array [
        "0x6cc083aed9e3ebe302a6336dbc7c921c9f03349e",
      ],
      "senders": Array [
        "0xcfd48e0faf9f19377509ce68a6a6f4d9c85ff8ab",
      ],
      "standard": undefined,
      "tokenId": undefined,
      "type": "LOCK",
      "value": "33936000000000",
    },
  ],
  Array [],
]
`;
