// Jest Snapshot v1, https://goo.gl/fbAQLP

exports[`elrond currency bridge scanAccounts elrond seed 1 1`] = `
Array [
  Object {
    "balance": "180162251239346240",
    "currencyId": "elrond",
    "derivationMode": "",
    "elrondResources": Object {
      "nonce": 3,
    },
    "freshAddress": "erd1vgfp3g7azqjx4wsmtt7067m0l62v3psmqzr24j6xvywj2tlz0gesvyzsq2",
    "freshAddressPath": "44'/508'/0'/0/0",
    "freshAddresses": Array [
      Object {
        "address": "erd1vgfp3g7azqjx4wsmtt7067m0l62v3psmqzr24j6xvywj2tlz0gesvyzsq2",
        "derivationPath": "44'/508'/0'/0/0",
      },
    ],
    "id": "js:2:elrond:erd1vgfp3g7azqjx4wsmtt7067m0l62v3psmqzr24j6xvywj2tlz0gesvyzsq2:",
    "index": 0,
    "name": "Elrond 1",
    "nfts": undefined,
    "operationsCount": 6,
    "pendingOperations": Array [],
    "seedIdentifier": "",
    "spendableBalance": "180162251239346240",
    "starred": false,
    "swapHistory": Array [],
    "syncHash": undefined,
    "unitMagnitude": 18,
    "used": true,
  },
  Object {
    "balance": "0",
    "currencyId": "elrond",
    "derivationMode": "",
    "elrondResources": Object {
      "nonce": 0,
    },
    "freshAddress": "erd1pm3gje2lmd5vyldcvuy6jpxgde4rapjpujvujkee6a7jw2zmh4tqre796z",
    "freshAddressPath": "44'/508'/1'/0/0",
    "freshAddresses": Array [
      Object {
        "address": "erd1pm3gje2lmd5vyldcvuy6jpxgde4rapjpujvujkee6a7jw2zmh4tqre796z",
        "derivationPath": "44'/508'/1'/0/0",
      },
    ],
    "id": "js:2:elrond:erd1pm3gje2lmd5vyldcvuy6jpxgde4rapjpujvujkee6a7jw2zmh4tqre796z:",
    "index": 1,
    "name": "Elrond 2",
    "nfts": undefined,
    "operationsCount": 0,
    "pendingOperations": Array [],
    "seedIdentifier": "",
    "spendableBalance": "0",
    "starred": false,
    "swapHistory": Array [],
    "syncHash": undefined,
    "unitMagnitude": 18,
    "used": false,
  },
]
`;

exports[`elrond currency bridge scanAccounts elrond seed 1 2`] = `
Array [
  Array [
    Object {
      "accountId": "js:2:elrond:erd1vgfp3g7azqjx4wsmtt7067m0l62v3psmqzr24j6xvywj2tlz0gesvyzsq2:",
      "blockHash": "6180412daff9134648325c6dcb035657c444e4d930f9e864bfa29f4e5c6e262d",
      "blockHeight": 5932298,
      "contract": undefined,
      "extra": Object {},
      "fee": "50000000000000",
      "hasFailed": false,
      "hash": "016af2b27940612e2b234df13a47b84e22d90694ddd65bc937526dd31b2c397c",
      "id": "js:2:elrond:erd1vgfp3g7azqjx4wsmtt7067m0l62v3psmqzr24j6xvywj2tlz0gesvyzsq2:-016af2b27940612e2b234df13a47b84e22d90694ddd65bc937526dd31b2c397c-IN",
      "operator": undefined,
      "recipients": Array [
        "erd1vgfp3g7azqjx4wsmtt7067m0l62v3psmqzr24j6xvywj2tlz0gesvyzsq2",
      ],
      "senders": Array [
        "erd1khl4mll00m6tgvcpmhf9tu05s9cfszruw77fk4dfmzyn7r2h6kgqdtsj7u",
      ],
      "standard": undefined,
      "tokenId": undefined,
      "type": "IN",
      "value": "1000000000000000",
    },
    Object {
      "accountId": "js:2:elrond:erd1vgfp3g7azqjx4wsmtt7067m0l62v3psmqzr24j6xvywj2tlz0gesvyzsq2:",
      "blockHash": "c106aceec57695d2ce2031c6546ad1c6816ead5503cd15444b76adca8de52a2e",
      "blockHeight": 5932325,
      "contract": undefined,
      "extra": Object {},
      "fee": "50000000000000",
      "hasFailed": false,
      "hash": "5ca1c624f3e51a81b9b76a08b45d6f2d8a0d4547983b924412afc72e21ba771a",
      "id": "js:2:elrond:erd1vgfp3g7azqjx4wsmtt7067m0l62v3psmqzr24j6xvywj2tlz0gesvyzsq2:-5ca1c624f3e51a81b9b76a08b45d6f2d8a0d4547983b924412afc72e21ba771a-OUT",
      "operator": undefined,
      "recipients": Array [
        "erd1khl4mll00m6tgvcpmhf9tu05s9cfszruw77fk4dfmzyn7r2h6kgqdtsj7u",
      ],
      "senders": Array [
        "erd1vgfp3g7azqjx4wsmtt7067m0l62v3psmqzr24j6xvywj2tlz0gesvyzsq2",
      ],
      "standard": undefined,
      "tokenId": undefined,
      "transactionSequenceNumber": 2,
      "type": "OUT",
      "value": "150000000000000",
    },
    Object {
      "accountId": "js:2:elrond:erd1vgfp3g7azqjx4wsmtt7067m0l62v3psmqzr24j6xvywj2tlz0gesvyzsq2:",
      "blockHash": "279b51d3cf81495ce82cb72d9c9d5a854409e23f25c2553efec6084c6ccb13c8",
      "blockHeight": 5010572,
      "contract": undefined,
      "extra": Object {},
      "fee": "50000000000000",
      "hasFailed": false,
      "hash": "976d34a592aa5421a19c05fb68463ee3bf35801a8ada608f023843f0c9b0e07b",
      "id": "js:2:elrond:erd1vgfp3g7azqjx4wsmtt7067m0l62v3psmqzr24j6xvywj2tlz0gesvyzsq2:-976d34a592aa5421a19c05fb68463ee3bf35801a8ada608f023843f0c9b0e07b-OUT",
      "operator": undefined,
      "recipients": Array [
        "erd1frj909pfums4m8aza596595l9pl56crwdj077vs2aqcw6ynl28wsfkw9rd",
      ],
      "senders": Array [
        "erd1vgfp3g7azqjx4wsmtt7067m0l62v3psmqzr24j6xvywj2tlz0gesvyzsq2",
      ],
      "standard": undefined,
      "tokenId": undefined,
      "transactionSequenceNumber": 0,
      "type": "OUT",
      "value": "50000000000000",
    },
    Object {
      "accountId": "js:2:elrond:erd1vgfp3g7azqjx4wsmtt7067m0l62v3psmqzr24j6xvywj2tlz0gesvyzsq2:",
      "blockHash": "da2121fa3f54786a2ac4739a31d7999538a87ffb0d3ed9ceedc2771350181eb5",
      "blockHeight": 5010620,
      "contract": undefined,
      "extra": Object {},
      "fee": "50000000000000",
      "hasFailed": false,
      "hash": "c0615e1eb10ed98fb0e0bcbb28588b3937ff1e5d80cb8ad0112a3380f36dbf6a",
      "id": "js:2:elrond:erd1vgfp3g7azqjx4wsmtt7067m0l62v3psmqzr24j6xvywj2tlz0gesvyzsq2:-c0615e1eb10ed98fb0e0bcbb28588b3937ff1e5d80cb8ad0112a3380f36dbf6a-OUT",
      "operator": undefined,
      "recipients": Array [
        "erd1frj909pfums4m8aza596595l9pl56crwdj077vs2aqcw6ynl28wsfkw9rd",
      ],
      "senders": Array [
        "erd1vgfp3g7azqjx4wsmtt7067m0l62v3psmqzr24j6xvywj2tlz0gesvyzsq2",
      ],
      "standard": undefined,
      "tokenId": undefined,
      "transactionSequenceNumber": 1,
      "type": "OUT",
      "value": "9950000000000000",
    },
    Object {
      "accountId": "js:2:elrond:erd1vgfp3g7azqjx4wsmtt7067m0l62v3psmqzr24j6xvywj2tlz0gesvyzsq2:",
      "blockHash": "1b97c0f5da6c83e4dc6ae280cac7fe4b002c0274eb050793b2241cb823ef4551",
      "blockHeight": 5010539,
      "contract": undefined,
      "extra": Object {},
      "fee": "56000000000000",
      "hasFailed": false,
      "hash": "dbcc80e99b9e45fd4973e5e8a6b283d1df3ace0cd424b7f4dfd59eaac31bd54d",
      "id": "js:2:elrond:erd1vgfp3g7azqjx4wsmtt7067m0l62v3psmqzr24j6xvywj2tlz0gesvyzsq2:-dbcc80e99b9e45fd4973e5e8a6b283d1df3ace0cd424b7f4dfd59eaac31bd54d-IN",
      "operator": undefined,
      "recipients": Array [
        "erd1vgfp3g7azqjx4wsmtt7067m0l62v3psmqzr24j6xvywj2tlz0gesvyzsq2",
      ],
      "senders": Array [
        "erd1frj909pfums4m8aza596595l9pl56crwdj077vs2aqcw6ynl28wsfkw9rd",
      ],
      "standard": undefined,
      "tokenId": undefined,
      "type": "IN",
      "value": "10000000000000000",
    },
    Object {
      "accountId": "js:2:elrond:erd1vgfp3g7azqjx4wsmtt7067m0l62v3psmqzr24j6xvywj2tlz0gesvyzsq2:",
      "blockHash": "8f76929839d1475ee44570085198e2555df1fa4848ccd9e8ed25e68c810de135",
      "blockHeight": 7620524,
      "contract": undefined,
      "extra": Object {},
      "fee": "50000000000000",
      "hasFailed": false,
      "hash": "f12fdcf0d5ae80ed7f8c447faca6417dffa5ad1dc359681b9c19f706acd3812f",
      "id": "js:2:elrond:erd1vgfp3g7azqjx4wsmtt7067m0l62v3psmqzr24j6xvywj2tlz0gesvyzsq2:-f12fdcf0d5ae80ed7f8c447faca6417dffa5ad1dc359681b9c19f706acd3812f-IN",
      "operator": undefined,
      "recipients": Array [
        "erd1vgfp3g7azqjx4wsmtt7067m0l62v3psmqzr24j6xvywj2tlz0gesvyzsq2",
      ],
      "senders": Array [
        "erd1wh9c0sjr2xn8hzf02lwwcr4jk2s84tat9ud2kaq6zr7xzpvl9l5q8awmex",
      ],
      "standard": undefined,
      "tokenId": undefined,
      "type": "IN",
      "value": "179312251239346240",
    },
  ],
  Array [],
]
`;
