// Jest Snapshot v1, https://goo.gl/fbAQLP

exports[`avalanchepchain currency bridge scanAccounts avalanchepchain seed 1 1`] = `
Array [
  Object {
    "avalanchePChainResources": Object {
      "chainCode": "d31aa2c102c05840cab783582ddabafa47401c3d1d6ace40cd0ca19426722e7a",
      "delegations": Array [],
      "publicKey": "03512c844e8140a7e03e6967276ef0395cc662d2b059440f7f2532ccdc9c8ad214",
      "stakedBalance": "0",
    },
    "balance": "75564408151",
    "currencyId": "avalanchepchain",
    "derivationMode": "avalanchepchain",
    "freshAddress": "avax1pvkhyf0y9674p2ps40vmp0a8w427384lpr8zan",
    "freshAddressPath": "44'/9000'/0'/0/0",
    "freshAddresses": Array [
      Object {
        "address": "avax1pvkhyf0y9674p2ps40vmp0a8w427384lpr8zan",
        "derivationPath": "44'/9000'/0'/0/0",
      },
    ],
    "id": "js:2:avalanchepchain:avax1pvkhyf0y9674p2ps40vmp0a8w427384lpr8zan:avalanchepchain",
    "index": 0,
    "name": "Avalanche (P-Chain) 1",
    "nfts": undefined,
    "operationsCount": 11,
    "pendingOperations": Array [],
    "seedIdentifier": "03512c844e8140a7e03e6967276ef0395cc662d2b059440f7f2532ccdc9c8ad214",
    "spendableBalance": "75564408151",
    "starred": false,
    "swapHistory": Array [],
    "syncHash": undefined,
    "unitMagnitude": 9,
    "used": true,
  },
]
`;

exports[`avalanchepchain currency bridge scanAccounts avalanchepchain seed 1 2`] = `
Array [
  Array [
    Object {
      "accountId": "js:2:avalanchepchain:avax1pvkhyf0y9674p2ps40vmp0a8w427384lpr8zan:avalanchepchain",
      "blockHash": "E5MxxvcEAZBA9SKTcDcacBp8yL8AYUu65SPozZL94rqDTTmwn",
      "blockHeight": 1921983,
      "contract": undefined,
      "extra": Object {},
      "fee": "1000000",
      "hash": "24etLv7LZ7wLpoWQnqD36aodZQ1LKZbTLYC6oaoWtJythADzZy",
      "id": "js:2:avalanchepchain:avax1pvkhyf0y9674p2ps40vmp0a8w427384lpr8zan:avalanchepchain-24etLv7LZ7wLpoWQnqD36aodZQ1LKZbTLYC6oaoWtJythADzZy-IN",
      "operator": undefined,
      "recipients": Array [
        "avax1kh9r03972vqxlglsarxrc9f9mxe2zcw5prfhel",
      ],
      "senders": Array [],
      "standard": undefined,
      "tokenId": undefined,
      "type": "IN",
      "value": "1000000000",
    },
    Object {
      "accountId": "js:2:avalanchepchain:avax1pvkhyf0y9674p2ps40vmp0a8w427384lpr8zan:avalanchepchain",
      "blockHash": "dcb81QQ2jx5SAr5BsWmgepEiWSy8RfSwupredqzZZke5w76Mu",
      "blockHeight": 1932215,
      "contract": undefined,
      "extra": Object {
        "stakeValue": "25000000000",
      },
      "fee": "0",
      "hash": "2a9qJQvitJd1Y5RiqLoMonxVEj76PzvusXgHD1GztYjJUXtJmL",
      "id": "js:2:avalanchepchain:avax1pvkhyf0y9674p2ps40vmp0a8w427384lpr8zan:avalanchepchain-2a9qJQvitJd1Y5RiqLoMonxVEj76PzvusXgHD1GztYjJUXtJmL-DELEGATE",
      "operator": undefined,
      "recipients": Array [],
      "senders": Array [],
      "standard": undefined,
      "tokenId": undefined,
      "type": "DELEGATE",
      "value": "0",
    },
    Object {
      "accountId": "js:2:avalanchepchain:avax1pvkhyf0y9674p2ps40vmp0a8w427384lpr8zan:avalanchepchain",
      "blockHash": "LpMqaFyUa9zk9ZfVv1fapQQN1ghvGExxZCkd4BDK2CtrjVKeA",
      "blockHeight": 1610802,
      "contract": undefined,
      "extra": Object {},
      "fee": "1000000",
      "hash": "2Gkti7XsfVzrM4okeBMTokAVwXyWRgiQ6Wmj83E3q1tRAMkdJi",
      "id": "js:2:avalanchepchain:avax1pvkhyf0y9674p2ps40vmp0a8w427384lpr8zan:avalanchepchain-2Gkti7XsfVzrM4okeBMTokAVwXyWRgiQ6Wmj83E3q1tRAMkdJi-IN",
      "operator": undefined,
      "recipients": Array [
        "avax1pvkhyf0y9674p2ps40vmp0a8w427384lpr8zan",
      ],
      "senders": Array [],
      "standard": undefined,
      "tokenId": undefined,
      "type": "IN",
      "value": "100000000",
    },
    Object {
      "accountId": "js:2:avalanchepchain:avax1pvkhyf0y9674p2ps40vmp0a8w427384lpr8zan:avalanchepchain",
      "blockHash": "Ym9dPKgTK7w4qskJQM5Bm7pPmyWAw691XBPdx4CUTatpDP7af",
      "blockHeight": 1922043,
      "contract": undefined,
      "extra": Object {},
      "fee": "1000000",
      "hash": "2kDCa96WgnT9T4MtXABJZWzU4RnafDnEEN6o4RNV44L8zy9CYJ",
      "id": "js:2:avalanchepchain:avax1pvkhyf0y9674p2ps40vmp0a8w427384lpr8zan:avalanchepchain-2kDCa96WgnT9T4MtXABJZWzU4RnafDnEEN6o4RNV44L8zy9CYJ-IN",
      "operator": undefined,
      "recipients": Array [
        "avax10ahyx8xnnapxll8ny0ttvs3uycnm6ks8p3ker4",
      ],
      "senders": Array [],
      "standard": undefined,
      "tokenId": undefined,
      "type": "IN",
      "value": "24000000000",
    },
    Object {
      "accountId": "js:2:avalanchepchain:avax1pvkhyf0y9674p2ps40vmp0a8w427384lpr8zan:avalanchepchain",
      "blockHash": "yNpemx5Dv3WnS6Xnhyh8UT1CJYPRLtT8NSAZKZE1ydBog7bRx",
      "blockHeight": 1632371,
      "contract": undefined,
      "extra": Object {},
      "fee": "1000000",
      "hash": "2Lw6Liyo4DufE85fYhTHV8EdE3PvtptT1gCJAUfxTff2P3CdDf",
      "id": "js:2:avalanchepchain:avax1pvkhyf0y9674p2ps40vmp0a8w427384lpr8zan:avalanchepchain-2Lw6Liyo4DufE85fYhTHV8EdE3PvtptT1gCJAUfxTff2P3CdDf-IN",
      "operator": undefined,
      "recipients": Array [
        "avax1p240en83g86whf929pfjq4tp4ynkgzgv5xw6z3",
      ],
      "senders": Array [],
      "standard": undefined,
      "tokenId": undefined,
      "type": "IN",
      "value": "300000000",
    },
    Object {
      "accountId": "js:2:avalanchepchain:avax1pvkhyf0y9674p2ps40vmp0a8w427384lpr8zan:avalanchepchain",
      "blockHash": "2URZyYLE2cb4WMhWs6xCN1ei9x3X16VuNjrS1TPc2R5D6u7hQ7",
      "blockHeight": 1929061,
      "contract": undefined,
      "extra": Object {},
      "fee": "1000000",
      "hash": "2uGfC7MdRC394CRKtWjAqp6dW2yh32xK3qJ3LD3EKjRFtSBoxt",
      "id": "js:2:avalanchepchain:avax1pvkhyf0y9674p2ps40vmp0a8w427384lpr8zan:avalanchepchain-2uGfC7MdRC394CRKtWjAqp6dW2yh32xK3qJ3LD3EKjRFtSBoxt-IN",
      "operator": undefined,
      "recipients": Array [
        "avax1nne34ukaqsgqxmjgsuup8ymt08lulj5546g7c6",
      ],
      "senders": Array [],
      "standard": undefined,
      "tokenId": undefined,
      "type": "IN",
      "value": "25000000000",
    },
    Object {
      "accountId": "js:2:avalanchepchain:avax1pvkhyf0y9674p2ps40vmp0a8w427384lpr8zan:avalanchepchain",
      "blockHash": "nEVxJJ7kw1FEGox5YsRJQ9PqCeSvfHSeprRTZjvc4BhKEM9vv",
      "blockHeight": 1611438,
      "contract": undefined,
      "extra": Object {},
      "fee": "1000000",
      "hash": "BSVFaYseLC9QUuUTtYGxCh8tf7DE7zqHpwZPBBH6CSwiutUv6",
      "id": "js:2:avalanchepchain:avax1pvkhyf0y9674p2ps40vmp0a8w427384lpr8zan:avalanchepchain-BSVFaYseLC9QUuUTtYGxCh8tf7DE7zqHpwZPBBH6CSwiutUv6-OUT",
      "operator": undefined,
      "recipients": Array [
        "avax1rlu93pnalclt7h0dte3evua97lv4fp4qzax5wq",
      ],
      "senders": Array [
        "avax1pvkhyf0y9674p2ps40vmp0a8w427384lpr8zan",
      ],
      "standard": undefined,
      "tokenId": undefined,
      "type": "OUT",
      "value": "12000000",
    },
    Object {
      "accountId": "js:2:avalanchepchain:avax1pvkhyf0y9674p2ps40vmp0a8w427384lpr8zan:avalanchepchain",
      "blockHash": "hXnSceGbJajBQeKsFypokezZroD87LRF75yCsGEBoX2p4CQ5Y",
      "blockHeight": 1924119,
      "contract": undefined,
      "extra": Object {
        "stakeValue": "25000000000",
      },
      "fee": "0",
      "hash": "E82EwpekLxZ9DnKQquCEVR9KR6G3tF1ut3xhUjLcKjtVZQ4GE",
      "id": "js:2:avalanchepchain:avax1pvkhyf0y9674p2ps40vmp0a8w427384lpr8zan:avalanchepchain-E82EwpekLxZ9DnKQquCEVR9KR6G3tF1ut3xhUjLcKjtVZQ4GE-DELEGATE",
      "operator": undefined,
      "recipients": Array [],
      "senders": Array [],
      "standard": undefined,
      "tokenId": undefined,
      "type": "DELEGATE",
      "value": "0",
    },
    Object {
      "accountId": "js:2:avalanchepchain:avax1pvkhyf0y9674p2ps40vmp0a8w427384lpr8zan:avalanchepchain",
      "blockHash": "2bc3KP8cWuTbrWarJbuMAoqGQwySkzouSMFZ9SoKg7s9RSRMCg",
      "blockHeight": 1990187,
      "contract": undefined,
      "extra": Object {
        "stakeValue": "25381000000",
      },
      "fee": "0",
      "hash": "fr3Eq8FeKN1YGVAKr1DEc3hAbCSBqrVXrG2Pwf8nuCXySDUrw",
      "id": "js:2:avalanchepchain:avax1pvkhyf0y9674p2ps40vmp0a8w427384lpr8zan:avalanchepchain-fr3Eq8FeKN1YGVAKr1DEc3hAbCSBqrVXrG2Pwf8nuCXySDUrw-DELEGATE",
      "operator": undefined,
      "recipients": Array [],
      "senders": Array [],
      "standard": undefined,
      "tokenId": undefined,
      "type": "DELEGATE",
      "value": "0",
    },
    Object {
      "accountId": "js:2:avalanchepchain:avax1pvkhyf0y9674p2ps40vmp0a8w427384lpr8zan:avalanchepchain",
      "blockHash": "vo5vFaXhCiivQAhKb36du7uE3mdadDu8ij4gurstStEPMmB3g",
      "blockHeight": 1937708,
      "contract": undefined,
      "extra": Object {},
      "fee": "1000000",
      "hash": "PEe7C3JaqeWthivMHEnKMkYNedZP8S2qgVySaFQRajHPCu1hQ",
      "id": "js:2:avalanchepchain:avax1pvkhyf0y9674p2ps40vmp0a8w427384lpr8zan:avalanchepchain-PEe7C3JaqeWthivMHEnKMkYNedZP8S2qgVySaFQRajHPCu1hQ-IN",
      "operator": undefined,
      "recipients": Array [
        "avax1s8y9hyyyrtjunt3a477wn5kcpk3tq2aln7yk8c",
      ],
      "senders": Array [],
      "standard": undefined,
      "tokenId": undefined,
      "type": "IN",
      "value": "25000000000",
    },
    Object {
      "accountId": "js:2:avalanchepchain:avax1pvkhyf0y9674p2ps40vmp0a8w427384lpr8zan:avalanchepchain",
      "blockHash": "NYfn1W5KWfZZ484MV6sRMqH9TvXTxS1FCQsuYjVnFNSEvBGgh",
      "blockHeight": 1683042,
      "contract": undefined,
      "extra": Object {},
      "fee": "1000000",
      "hash": "UsXVfL8uj3Kv4t6h7fvy4nPNXkf7q4HgZLkDoTnsMzCF5DcKo",
      "id": "js:2:avalanchepchain:avax1pvkhyf0y9674p2ps40vmp0a8w427384lpr8zan:avalanchepchain-UsXVfL8uj3Kv4t6h7fvy4nPNXkf7q4HgZLkDoTnsMzCF5DcKo-OUT",
      "operator": undefined,
      "recipients": Array [
        "avax1nhx84207m2t85pyud5lpyucaja9zg0amt62zfl",
      ],
      "senders": Array [
        "avax1p240en83g86whf929pfjq4tp4ynkgzgv5xw6z3",
      ],
      "standard": undefined,
      "tokenId": undefined,
      "type": "OUT",
      "value": "7000000",
    },
  ],
]
`;
