// Jest Snapshot v1, https://goo.gl/fbAQLP

exports[`stacks currency bridge scanAccounts stacks seed 1 1`] = `
Array [
  Object {
    "balance": "100000",
    "currencyId": "stacks",
    "derivationMode": "",
    "freshAddress": "SP3KS7VMY2ZNE6SB88PHR4SKRK2EEPHS8N8MCCBR9",
    "freshAddressPath": "44'/5757'/0'/0/0",
    "freshAddresses": Array [
      Object {
        "address": "SP3KS7VMY2ZNE6SB88PHR4SKRK2EEPHS8N8MCCBR9",
        "derivationPath": "44'/5757'/0'/0/0",
      },
    ],
    "id": "js:2:stacks:SP3KS7VMY2ZNE6SB88PHR4SKRK2EEPHS8N8MCCBR9:",
    "index": 0,
    "name": "Stacks 1",
    "nfts": undefined,
    "operationsCount": 1,
    "pendingOperations": Array [],
    "seedIdentifier": "022a460decc9dba8c452927fecb33d7ae25a8d79dc5442b84feaf8f3aa0e2b575d",
    "spendableBalance": "100000",
    "starred": false,
    "swapHistory": Array [],
    "syncHash": undefined,
    "unitMagnitude": 6,
    "used": true,
    "xpub": "022a460decc9dba8c452927fecb33d7ae25a8d79dc5442b84feaf8f3aa0e2b575d",
  },
  Object {
    "balance": "0",
    "currencyId": "stacks",
    "derivationMode": "",
    "freshAddress": "SP2DV2RVZP1A69Q6VAG5PHEQ6ZHQHZPCV84TMYNGN",
    "freshAddressPath": "44'/5757'/1'/0/0",
    "freshAddresses": Array [
      Object {
        "address": "SP2DV2RVZP1A69Q6VAG5PHEQ6ZHQHZPCV84TMYNGN",
        "derivationPath": "44'/5757'/1'/0/0",
      },
    ],
    "id": "js:2:stacks:SP2DV2RVZP1A69Q6VAG5PHEQ6ZHQHZPCV84TMYNGN:",
    "index": 1,
    "name": "Stacks 2",
    "nfts": undefined,
    "operationsCount": 0,
    "pendingOperations": Array [],
    "seedIdentifier": "022a460decc9dba8c452927fecb33d7ae25a8d79dc5442b84feaf8f3aa0e2b575d",
    "spendableBalance": "0",
    "starred": false,
    "swapHistory": Array [],
    "syncHash": undefined,
    "unitMagnitude": 6,
    "used": false,
    "xpub": "034bbb21911e9d4502ac170162c5c05cbba65cbb79e5b46adf95152af2d0e78a45",
  },
]
`;

exports[`stacks currency bridge scanAccounts stacks seed 1 2`] = `
Array [
  Array [
    Object {
      "accountId": "js:2:stacks:SP3KS7VMY2ZNE6SB88PHR4SKRK2EEPHS8N8MCCBR9:",
      "blockHash": null,
      "blockHeight": 76373,
      "contract": undefined,
      "extra": Object {},
      "fee": "180",
      "hash": "0x6f1075f275482ca923b2fe9f8386c50fde0d3bdf5fee880459c6009d19777ffb",
      "id": "js:2:stacks:SP3KS7VMY2ZNE6SB88PHR4SKRK2EEPHS8N8MCCBR9:-0x6f1075f275482ca923b2fe9f8386c50fde0d3bdf5fee880459c6009d19777ffb-IN",
      "operator": undefined,
      "recipients": Array [
        "SP3KS7VMY2ZNE6SB88PHR4SKRK2EEPHS8N8MCCBR9",
      ],
      "senders": Array [
        "SP1QM16S93TEMM1Q9QHB8WV1EEEC3Z2Y3P0AE287S",
      ],
      "standard": undefined,
      "tokenId": undefined,
      "type": "IN",
      "value": "100000",
    },
  ],
  Array [],
]
`;
