// Jest Snapshot v1, https://goo.gl/fbAQLP

exports[`near currency bridge scanAccounts near seed 1 1`] = `
[
  {
    "balance": "67162281393064900000001",
    "currencyId": "near",
    "derivationMode": "nearbip44h",
    "freshAddress": "18d68decb70d4d4fd267d19a0d25edc06ad079e69ded41233a10976cf36391ec",
    "freshAddressPath": "44'/397'/0'/0'/0'",
    "id": "js:2:near:18d68decb70d4d4fd267d19a0d25edc06ad079e69ded41233a10976cf36391ec:nearbip44h",
    "index": 0,
    "nearResources": {
      "availableBalance": "10000000000000000001",
      "pendingBalance": "0",
      "stakedBalance": "0",
      "stakingPositions": [
        {
          "available": "10000000000000000001",
          "pending": "0",
          "staked": "0",
          "validatorId": "figment.poolv1.near",
        },
      ],
      "storageUsageBalance": "5.182e+22",
    },
    "operationsCount": 6,
    "pendingOperations": [],
    "seedIdentifier": "ed25519:2fxYBxPh3sP1KeqraqSNcUBx8chZ4RHpVAnQ1rFK9xNF",
    "spendableBalance": "15332281393064900000000",
    "swapHistory": [],
    "syncHash": undefined,
    "used": true,
  },
  {
    "balance": "0",
    "currencyId": "near",
    "derivationMode": "nearbip44h",
    "freshAddress": "6cbf3b0f8d8b4667bf64bf44b4fefa830e4cef0e5da1e5cfb4015b5a755c4ac0",
    "freshAddressPath": "44'/397'/0'/0'/1'",
    "id": "js:2:near:6cbf3b0f8d8b4667bf64bf44b4fefa830e4cef0e5da1e5cfb4015b5a755c4ac0:nearbip44h",
    "index": 1,
    "nearResources": {
      "availableBalance": "0",
      "pendingBalance": "0",
      "stakedBalance": "0",
      "stakingPositions": [],
      "storageUsageBalance": "5e+22",
    },
    "operationsCount": 0,
    "pendingOperations": [],
    "seedIdentifier": "ed25519:2fxYBxPh3sP1KeqraqSNcUBx8chZ4RHpVAnQ1rFK9xNF",
    "spendableBalance": "0",
    "swapHistory": [],
    "syncHash": undefined,
    "used": false,
  },
  {
    "balance": "0",
    "currencyId": "near",
    "derivationMode": "nearbip44h",
    "freshAddress": "59dff1cf9185758c0c2f878c37a175280f3967dca8fee6e4ad0c4aa26daf8e5c",
    "freshAddressPath": "44'/397'/0'/0'/2'",
    "id": "js:2:near:59dff1cf9185758c0c2f878c37a175280f3967dca8fee6e4ad0c4aa26daf8e5c:nearbip44h",
    "index": 2,
    "nearResources": {
      "availableBalance": "0",
      "pendingBalance": "0",
      "stakedBalance": "0",
      "stakingPositions": [],
      "storageUsageBalance": "5e+22",
    },
    "operationsCount": 0,
    "pendingOperations": [],
    "seedIdentifier": "ed25519:2fxYBxPh3sP1KeqraqSNcUBx8chZ4RHpVAnQ1rFK9xNF",
    "spendableBalance": "0",
    "swapHistory": [],
    "syncHash": undefined,
    "used": false,
  },
]
`;

exports[`near currency bridge scanAccounts near seed 1 2`] = `
[
  [
    {
      "accountId": "js:2:near:18d68decb70d4d4fd267d19a0d25edc06ad079e69ded41233a10976cf36391ec:nearbip44h",
      "blockHash": "7WHwSyz5KfmMTCTGLqwX8NymbQG9uc42Mto4siAivjAK",
      "blockHeight": 72146430,
      "extra": {},
      "fee": "84911012500000000000",
      "hasFailed": false,
      "hash": "13gLnmysNkb1iQVgaRrQPjEZqg3jj9BxLP2MCANR8trf",
      "id": "js:2:near:18d68decb70d4d4fd267d19a0d25edc06ad079e69ded41233a10976cf36391ec:nearbip44h-13gLnmysNkb1iQVgaRrQPjEZqg3jj9BxLP2MCANR8trf-IN",
      "recipients": [
        "18d68decb70d4d4fd267d19a0d25edc06ad079e69ded41233a10976cf36391ec",
      ],
      "senders": [
        "abdd03656c69dd2c51b054b4d3e0db7864c34f5ae07b27b558f0fe14f5ff76c3",
      ],
      "type": "IN",
      "value": "39900000000000000000000",
    },
    {
      "accountId": "js:2:near:18d68decb70d4d4fd267d19a0d25edc06ad079e69ded41233a10976cf36391ec:nearbip44h",
      "blockHash": "B3ypiCETyhVaT41ci6L53G2zEjRcTv4DTRiSqTNzd5fa",
      "blockHeight": 72146378,
      "extra": {},
      "fee": "84911012500000000000",
      "hasFailed": false,
      "hash": "6YxdoR3gd67SPXx3dNMgttiDGn9zdPU3CkMTNUnMkEqx",
      "id": "js:2:near:18d68decb70d4d4fd267d19a0d25edc06ad079e69ded41233a10976cf36391ec:nearbip44h-6YxdoR3gd67SPXx3dNMgttiDGn9zdPU3CkMTNUnMkEqx-IN",
      "recipients": [
        "18d68decb70d4d4fd267d19a0d25edc06ad079e69ded41233a10976cf36391ec",
      ],
      "senders": [
        "abdd03656c69dd2c51b054b4d3e0db7864c34f5ae07b27b558f0fe14f5ff76c3",
      ],
      "type": "IN",
      "value": "10000000000000000000000",
    },
    {
      "accountId": "js:2:near:18d68decb70d4d4fd267d19a0d25edc06ad079e69ded41233a10976cf36391ec:nearbip44h",
      "blockHash": "48sfbBd7Hrf5EeAGL1nT4qaHca5EWMciznaYR35AwNan",
      "blockHeight": 72147875,
      "extra": {},
      "fee": "1.2655252013085e+21",
      "hasFailed": false,
      "hash": "71eNXoNJNcWMGs4UJaM1rgSuYWxs7gdY4Aqu1gUUvvLx",
      "id": "js:2:near:18d68decb70d4d4fd267d19a0d25edc06ad079e69ded41233a10976cf36391ec:nearbip44h-71eNXoNJNcWMGs4UJaM1rgSuYWxs7gdY4Aqu1gUUvvLx-UNSTAKE",
      "recipients": [
        "figment.poolv1.near",
      ],
      "senders": [
        "18d68decb70d4d4fd267d19a0d25edc06ad079e69ded41233a10976cf36391ec",
      ],
      "type": "UNSTAKE",
      "value": "0",
    },
    {
      "accountId": "js:2:near:18d68decb70d4d4fd267d19a0d25edc06ad079e69ded41233a10976cf36391ec:nearbip44h",
      "blockHash": "HZ3qynQ1uy4MEDjCbHsDbuFQsB4nPdBKqp4jcJTj3x5J",
      "blockHeight": 72146695,
      "extra": {},
      "fee": "1.2872823931266e+21",
      "hasFailed": false,
      "hash": "7fW6S2Qi9CCRjuAF2soVwtC5XX7zhxci9nHUV7wA6uJh",
      "id": "js:2:near:18d68decb70d4d4fd267d19a0d25edc06ad079e69ded41233a10976cf36391ec:nearbip44h-7fW6S2Qi9CCRjuAF2soVwtC5XX7zhxci9nHUV7wA6uJh-STAKE",
      "recipients": [
        "figment.poolv1.near",
      ],
      "senders": [
        "18d68decb70d4d4fd267d19a0d25edc06ad079e69ded41233a10976cf36391ec",
      ],
      "type": "STAKE",
      "value": "10000000000000000000",
    },
    {
      "accountId": "js:2:near:18d68decb70d4d4fd267d19a0d25edc06ad079e69ded41233a10976cf36391ec:nearbip44h",
      "blockHash": "HNXaANGQiwhRR96JzpBVKGEXmUxEyzxnx9WvjSHW1cf1",
      "blockHeight": 74277054,
      "extra": {},
      "fee": "84911012500000000000",
      "hasFailed": false,
      "hash": "CXkpUV26wytDrGdJ17pZPNmzauXxCtiiGwA7WcC7Rahi",
      "id": "js:2:near:18d68decb70d4d4fd267d19a0d25edc06ad079e69ded41233a10976cf36391ec:nearbip44h-CXkpUV26wytDrGdJ17pZPNmzauXxCtiiGwA7WcC7Rahi-IN",
      "recipients": [
        "18d68decb70d4d4fd267d19a0d25edc06ad079e69ded41233a10976cf36391ec",
      ],
      "senders": [
        "3cfb4df771c29cf040e2534b71b4df08b6232e7248aefc7decf45d2b40f80ad5",
      ],
      "type": "IN",
      "value": "20000000000000000000000",
    },
    {
      "accountId": "js:2:near:18d68decb70d4d4fd267d19a0d25edc06ad079e69ded41233a10976cf36391ec:nearbip44h",
      "blockHash": "Pk1rPkGYpM4N97seT4A5799Nrk41sGY3bLcgXGr7FKt",
      "blockHeight": 72146634,
      "extra": {},
      "fee": "84911012500000000000",
      "hasFailed": false,
      "hash": "FNW5wQhaVDUqyczfB2nj2Rq2RGVifAbnjVT6Yabdey9m",
      "id": "js:2:near:18d68decb70d4d4fd267d19a0d25edc06ad079e69ded41233a10976cf36391ec:nearbip44h-FNW5wQhaVDUqyczfB2nj2Rq2RGVifAbnjVT6Yabdey9m-OUT",
      "recipients": [
        "abdd03656c69dd2c51b054b4d3e0db7864c34f5ae07b27b558f0fe14f5ff76c3",
      ],
      "senders": [
        "18d68decb70d4d4fd267d19a0d25edc06ad079e69ded41233a10976cf36391ec",
      ],
      "type": "OUT",
      "value": "184911012500000000000",
    },
  ],
  [],
  [],
]
`;
