// Jest Snapshot v1, https://goo.gl/fbAQLP

exports[`zilliqa currency bridge scanAccounts zilliqa seed 1 1`] = `
Array [
  Object {
    "balance": "4000000000000",
    "currencyId": "zilliqa",
    "derivationMode": "zilliqaL",
    "freshAddress": "zil135ykn4mh6080w2uww6qat6vaednqp2v3pk5eqd",
    "freshAddressPath": "44'/313'/0'/0'/0'",
    "freshAddresses": Array [
      Object {
        "address": "zil135ykn4mh6080w2uww6qat6vaednqp2v3pk5eqd",
        "derivationPath": "44'/313'/0'/0'/0'",
      },
    ],
    "id": "js:2:zilliqa:zil135ykn4mh6080w2uww6qat6vaednqp2v3pk5eqd:zilliqaL",
    "index": 0,
    "name": "Zilliqa 1",
    "nfts": undefined,
    "operationsCount": 3,
    "pendingOperations": Array [],
    "seedIdentifier": "03fa3bee864530094c637994bd08b45eb1d96e8f3c03e866bc18c7f6b06be15fc7",
    "spendableBalance": "4000000000000",
    "starred": false,
    "swapHistory": Array [],
    "syncHash": undefined,
    "unitMagnitude": 12,
    "used": true,
    "zilliqaResources": Object {
      "nonce": 1,
      "publicKey": "03fa3bee864530094c637994bd08b45eb1d96e8f3c03e866bc18c7f6b06be15fc7",
    },
  },
  Object {
    "balance": "6270000000000",
    "currencyId": "zilliqa",
    "derivationMode": "zilliqaL",
    "freshAddress": "zil1dtmkpcl30ef5jf06e7qceld6jyhj2lpxdhrcuc",
    "freshAddressPath": "44'/313'/1'/0'/0'",
    "freshAddresses": Array [
      Object {
        "address": "zil1dtmkpcl30ef5jf06e7qceld6jyhj2lpxdhrcuc",
        "derivationPath": "44'/313'/1'/0'/0'",
      },
    ],
    "id": "js:2:zilliqa:zil1dtmkpcl30ef5jf06e7qceld6jyhj2lpxdhrcuc:zilliqaL",
    "index": 1,
    "name": "Zilliqa 2",
    "nfts": undefined,
    "operationsCount": 20,
    "pendingOperations": Array [],
    "seedIdentifier": "03fa3bee864530094c637994bd08b45eb1d96e8f3c03e866bc18c7f6b06be15fc7",
    "spendableBalance": "6270000000000",
    "starred": false,
    "swapHistory": Array [],
    "syncHash": undefined,
    "unitMagnitude": 12,
    "used": true,
    "zilliqaResources": Object {
      "nonce": 15,
      "publicKey": "02d0fa63f917e8c6504c8ed9d28669d6fab0137862c81e355af953cb884a463ab8",
    },
  },
  Object {
    "balance": "0",
    "currencyId": "zilliqa",
    "derivationMode": "zilliqaL",
    "freshAddress": "zil1gn7279q66rw584f3qz6uajzukcr5v8jfgx422w",
    "freshAddressPath": "44'/313'/2'/0'/0'",
    "freshAddresses": Array [
      Object {
        "address": "zil1gn7279q66rw584f3qz6uajzukcr5v8jfgx422w",
        "derivationPath": "44'/313'/2'/0'/0'",
      },
    ],
    "id": "js:2:zilliqa:zil1gn7279q66rw584f3qz6uajzukcr5v8jfgx422w:zilliqaL",
    "index": 2,
    "name": "Zilliqa 3",
    "nfts": undefined,
    "operationsCount": 0,
    "pendingOperations": Array [],
    "seedIdentifier": "03fa3bee864530094c637994bd08b45eb1d96e8f3c03e866bc18c7f6b06be15fc7",
    "spendableBalance": "0",
    "starred": false,
    "swapHistory": Array [],
    "syncHash": undefined,
    "unitMagnitude": 12,
    "used": false,
    "zilliqaResources": Object {
      "nonce": 0,
      "publicKey": "036c39ae31ef7c4f668a93c0f6343926ab9e635f16fcf6cd30a0ec659d67e7e6f3",
    },
  },
]
`;

exports[`zilliqa currency bridge scanAccounts zilliqa seed 1 2`] = `
Array [
  Array [
    Object {
      "accountId": "js:2:zilliqa:zil135ykn4mh6080w2uww6qat6vaednqp2v3pk5eqd:zilliqaL",
      "blockHash": null,
      "blockHeight": 2645093,
      "contract": undefined,
      "extra": Object {},
      "fee": "100000000000",
      "hasFailed": false,
      "hash": "0x41428c9fcbe97b8f64c4b3f94f90c5f714f60dbb61b02df29e728bf027449798",
      "id": "js:2:zilliqa:zil135ykn4mh6080w2uww6qat6vaednqp2v3pk5eqd:zilliqaL-0x41428c9fcbe97b8f64c4b3f94f90c5f714f60dbb61b02df29e728bf027449798-IN",
      "operator": undefined,
      "recipients": Array [
        "zil135ykn4mh6080w2uww6qat6vaednqp2v3pk5eqd",
      ],
      "senders": Array [
        "zil1dtmkpcl30ef5jf06e7qceld6jyhj2lpxdhrcuc",
      ],
      "standard": undefined,
      "tokenId": undefined,
      "type": "IN",
      "value": "2000000000000",
    },
    Object {
      "accountId": "js:2:zilliqa:zil135ykn4mh6080w2uww6qat6vaednqp2v3pk5eqd:zilliqaL",
      "blockHash": null,
      "blockHeight": 2645386,
      "contract": undefined,
      "extra": Object {},
      "fee": "100000000000",
      "hasFailed": false,
      "hash": "0x6061b543d73b7615f59a44621673a1c5e264d8605aa52f044528d4a6c3f1d905",
      "id": "js:2:zilliqa:zil135ykn4mh6080w2uww6qat6vaednqp2v3pk5eqd:zilliqaL-0x6061b543d73b7615f59a44621673a1c5e264d8605aa52f044528d4a6c3f1d905-IN",
      "operator": undefined,
      "recipients": Array [
        "zil135ykn4mh6080w2uww6qat6vaednqp2v3pk5eqd",
      ],
      "senders": Array [
        "zil1dtmkpcl30ef5jf06e7qceld6jyhj2lpxdhrcuc",
      ],
      "standard": undefined,
      "tokenId": undefined,
      "type": "IN",
      "value": "1000000000000",
    },
    Object {
      "accountId": "js:2:zilliqa:zil135ykn4mh6080w2uww6qat6vaednqp2v3pk5eqd:zilliqaL",
      "blockHash": null,
      "blockHeight": 2645351,
      "contract": undefined,
      "extra": Object {},
      "fee": "100000000000",
      "hasFailed": false,
      "hash": "0x7771e19c2e9fef60e0eb6e782b23ccbbd701901e59944c322a3493faaf98e307",
      "id": "js:2:zilliqa:zil135ykn4mh6080w2uww6qat6vaednqp2v3pk5eqd:zilliqaL-0x7771e19c2e9fef60e0eb6e782b23ccbbd701901e59944c322a3493faaf98e307-IN",
      "operator": undefined,
      "recipients": Array [
        "zil135ykn4mh6080w2uww6qat6vaednqp2v3pk5eqd",
      ],
      "senders": Array [
        "zil1dtmkpcl30ef5jf06e7qceld6jyhj2lpxdhrcuc",
      ],
      "standard": undefined,
      "tokenId": undefined,
      "type": "IN",
      "value": "1000000000000",
    },
  ],
  Array [
    Object {
      "accountId": "js:2:zilliqa:zil1dtmkpcl30ef5jf06e7qceld6jyhj2lpxdhrcuc:zilliqaL",
      "blockHash": null,
      "blockHeight": 2539164,
      "contract": undefined,
      "extra": Object {},
      "fee": "100000000000",
      "hasFailed": false,
      "hash": "0x0f6dcf95a1633ec9d26d389d21c87244d38d972095c1bb7405f06e152c82b30f",
      "id": "js:2:zilliqa:zil1dtmkpcl30ef5jf06e7qceld6jyhj2lpxdhrcuc:zilliqaL-0x0f6dcf95a1633ec9d26d389d21c87244d38d972095c1bb7405f06e152c82b30f-IN",
      "operator": undefined,
      "recipients": Array [
        "zil1dtmkpcl30ef5jf06e7qceld6jyhj2lpxdhrcuc",
      ],
      "senders": Array [
        "zil1cy96fvze76pt7fnuq584lvzen8vkx9upul7ehs",
      ],
      "standard": undefined,
      "tokenId": undefined,
      "type": "IN",
      "value": "20000000000000",
    },
    Object {
      "accountId": "js:2:zilliqa:zil1dtmkpcl30ef5jf06e7qceld6jyhj2lpxdhrcuc:zilliqaL",
      "blockHash": null,
      "blockHeight": 2557300,
      "contract": undefined,
      "extra": Object {},
      "fee": "100000000000",
      "hasFailed": false,
      "hash": "0x111475ec5859c0f5f19210a001bb123d8f7400f946f257f8dccae85d65212479",
      "id": "js:2:zilliqa:zil1dtmkpcl30ef5jf06e7qceld6jyhj2lpxdhrcuc:zilliqaL-0x111475ec5859c0f5f19210a001bb123d8f7400f946f257f8dccae85d65212479-IN",
      "operator": undefined,
      "recipients": Array [
        "zil1dtmkpcl30ef5jf06e7qceld6jyhj2lpxdhrcuc",
      ],
      "senders": Array [
        "zil1cy96fvze76pt7fnuq584lvzen8vkx9upul7ehs",
      ],
      "standard": undefined,
      "tokenId": undefined,
      "type": "IN",
      "value": "29000000000000",
    },
    Object {
      "accountId": "js:2:zilliqa:zil1dtmkpcl30ef5jf06e7qceld6jyhj2lpxdhrcuc:zilliqaL",
      "blockHash": null,
      "blockHeight": 2623433,
      "contract": undefined,
      "extra": Object {},
      "fee": "100000000000",
      "hasFailed": false,
      "hash": "0x2720838ebdd9d9f8c3697f5be618b8876b09b978bfb8c47c1419293c2a18bef4",
      "id": "js:2:zilliqa:zil1dtmkpcl30ef5jf06e7qceld6jyhj2lpxdhrcuc:zilliqaL-0x2720838ebdd9d9f8c3697f5be618b8876b09b978bfb8c47c1419293c2a18bef4-OUT",
      "operator": undefined,
      "recipients": Array [
        "zil1cy96fvze76pt7fnuq584lvzen8vkx9upul7ehs",
      ],
      "senders": Array [
        "zil1dtmkpcl30ef5jf06e7qceld6jyhj2lpxdhrcuc",
      ],
      "standard": undefined,
      "tokenId": undefined,
      "type": "OUT",
      "value": "196100000000000",
    },
    Object {
      "accountId": "js:2:zilliqa:zil1dtmkpcl30ef5jf06e7qceld6jyhj2lpxdhrcuc:zilliqaL",
      "blockHash": null,
      "blockHeight": 2618565,
      "contract": undefined,
      "extra": Object {},
      "fee": "100000000000",
      "hasFailed": false,
      "hash": "0x367eaf9ea1e375c4fe1cea3d62614892c7a255b4e5232414f6320121067964c4",
      "id": "js:2:zilliqa:zil1dtmkpcl30ef5jf06e7qceld6jyhj2lpxdhrcuc:zilliqaL-0x367eaf9ea1e375c4fe1cea3d62614892c7a255b4e5232414f6320121067964c4-OUT",
      "operator": undefined,
      "recipients": Array [
        "zil1cy96fvze76pt7fnuq584lvzen8vkx9upul7ehs",
      ],
      "senders": Array [
        "zil1dtmkpcl30ef5jf06e7qceld6jyhj2lpxdhrcuc",
      ],
      "standard": undefined,
      "tokenId": undefined,
      "type": "OUT",
      "value": "114770000000000",
    },
    Object {
      "accountId": "js:2:zilliqa:zil1dtmkpcl30ef5jf06e7qceld6jyhj2lpxdhrcuc:zilliqaL",
      "blockHash": null,
      "blockHeight": 2618641,
      "contract": undefined,
      "extra": Object {},
      "fee": "100000000000",
      "hasFailed": false,
      "hash": "0x3dae37c7cfbfef6950b6dc9dba287cd0b2929fb5f50d9560e8a948dd06a73352",
      "id": "js:2:zilliqa:zil1dtmkpcl30ef5jf06e7qceld6jyhj2lpxdhrcuc:zilliqaL-0x3dae37c7cfbfef6950b6dc9dba287cd0b2929fb5f50d9560e8a948dd06a73352-IN",
      "operator": undefined,
      "recipients": Array [
        "zil1dtmkpcl30ef5jf06e7qceld6jyhj2lpxdhrcuc",
      ],
      "senders": Array [
        "zil1cy96fvze76pt7fnuq584lvzen8vkx9upul7ehs",
      ],
      "standard": undefined,
      "tokenId": undefined,
      "type": "IN",
      "value": "321000000000000",
    },
    Object {
      "accountId": "js:2:zilliqa:zil1dtmkpcl30ef5jf06e7qceld6jyhj2lpxdhrcuc:zilliqaL",
      "blockHash": null,
      "blockHeight": 2645093,
      "contract": undefined,
      "extra": Object {},
      "fee": "100000000000",
      "hasFailed": false,
      "hash": "0x41428c9fcbe97b8f64c4b3f94f90c5f714f60dbb61b02df29e728bf027449798",
      "id": "js:2:zilliqa:zil1dtmkpcl30ef5jf06e7qceld6jyhj2lpxdhrcuc:zilliqaL-0x41428c9fcbe97b8f64c4b3f94f90c5f714f60dbb61b02df29e728bf027449798-OUT",
      "operator": undefined,
      "recipients": Array [
        "zil135ykn4mh6080w2uww6qat6vaednqp2v3pk5eqd",
      ],
      "senders": Array [
        "zil1dtmkpcl30ef5jf06e7qceld6jyhj2lpxdhrcuc",
      ],
      "standard": undefined,
      "tokenId": undefined,
      "type": "OUT",
      "value": "2100000000000",
    },
    Object {
      "accountId": "js:2:zilliqa:zil1dtmkpcl30ef5jf06e7qceld6jyhj2lpxdhrcuc:zilliqaL",
      "blockHash": null,
      "blockHeight": 2539276,
      "contract": undefined,
      "extra": Object {},
      "fee": "100000000000",
      "hasFailed": false,
      "hash": "0x4462077c13ef91ab0c044696c6f87abf0b5964a91a828bafb752d589305244dc",
      "id": "js:2:zilliqa:zil1dtmkpcl30ef5jf06e7qceld6jyhj2lpxdhrcuc:zilliqaL-0x4462077c13ef91ab0c044696c6f87abf0b5964a91a828bafb752d589305244dc-IN",
      "operator": undefined,
      "recipients": Array [
        "zil1dtmkpcl30ef5jf06e7qceld6jyhj2lpxdhrcuc",
      ],
      "senders": Array [
        "zil1cy96fvze76pt7fnuq584lvzen8vkx9upul7ehs",
      ],
      "standard": undefined,
      "tokenId": undefined,
      "type": "IN",
      "value": "17000000000000",
    },
    Object {
      "accountId": "js:2:zilliqa:zil1dtmkpcl30ef5jf06e7qceld6jyhj2lpxdhrcuc:zilliqaL",
      "blockHash": null,
      "blockHeight": 2645386,
      "contract": undefined,
      "extra": Object {},
      "fee": "100000000000",
      "hasFailed": false,
      "hash": "0x6061b543d73b7615f59a44621673a1c5e264d8605aa52f044528d4a6c3f1d905",
      "id": "js:2:zilliqa:zil1dtmkpcl30ef5jf06e7qceld6jyhj2lpxdhrcuc:zilliqaL-0x6061b543d73b7615f59a44621673a1c5e264d8605aa52f044528d4a6c3f1d905-OUT",
      "operator": undefined,
      "recipients": Array [
        "zil135ykn4mh6080w2uww6qat6vaednqp2v3pk5eqd",
      ],
      "senders": Array [
        "zil1dtmkpcl30ef5jf06e7qceld6jyhj2lpxdhrcuc",
      ],
      "standard": undefined,
      "tokenId": undefined,
      "type": "OUT",
      "value": "1100000000000",
    },
    Object {
      "accountId": "js:2:zilliqa:zil1dtmkpcl30ef5jf06e7qceld6jyhj2lpxdhrcuc:zilliqaL",
      "blockHash": null,
      "blockHeight": 2555444,
      "contract": undefined,
      "extra": Object {},
      "fee": "100000000000",
      "hasFailed": false,
      "hash": "0x622bcab4235bcc8368cf78c3dc6b89a50aeab301a26309ec5e9ddb734602a3fd",
      "id": "js:2:zilliqa:zil1dtmkpcl30ef5jf06e7qceld6jyhj2lpxdhrcuc:zilliqaL-0x622bcab4235bcc8368cf78c3dc6b89a50aeab301a26309ec5e9ddb734602a3fd-OUT",
      "operator": undefined,
      "recipients": Array [
        "zil1cy96fvze76pt7fnuq584lvzen8vkx9upul7ehs",
      ],
      "senders": Array [
        "zil1dtmkpcl30ef5jf06e7qceld6jyhj2lpxdhrcuc",
      ],
      "standard": undefined,
      "tokenId": undefined,
      "type": "OUT",
      "value": "4100000000000",
    },
    Object {
      "accountId": "js:2:zilliqa:zil1dtmkpcl30ef5jf06e7qceld6jyhj2lpxdhrcuc:zilliqaL",
      "blockHash": null,
      "blockHeight": 2645351,
      "contract": undefined,
      "extra": Object {},
      "fee": "100000000000",
      "hasFailed": false,
      "hash": "0x7771e19c2e9fef60e0eb6e782b23ccbbd701901e59944c322a3493faaf98e307",
      "id": "js:2:zilliqa:zil1dtmkpcl30ef5jf06e7qceld6jyhj2lpxdhrcuc:zilliqaL-0x7771e19c2e9fef60e0eb6e782b23ccbbd701901e59944c322a3493faaf98e307-OUT",
      "operator": undefined,
      "recipients": Array [
        "zil135ykn4mh6080w2uww6qat6vaednqp2v3pk5eqd",
      ],
      "senders": Array [
        "zil1dtmkpcl30ef5jf06e7qceld6jyhj2lpxdhrcuc",
      ],
      "standard": undefined,
      "tokenId": undefined,
      "type": "OUT",
      "value": "1100000000000",
    },
    Object {
      "accountId": "js:2:zilliqa:zil1dtmkpcl30ef5jf06e7qceld6jyhj2lpxdhrcuc:zilliqaL",
      "blockHash": null,
      "blockHeight": 2555108,
      "contract": undefined,
      "extra": Object {},
      "fee": "100000000000",
      "hasFailed": false,
      "hash": "0x83d77ddace132533cbad6f8cb6ae7a5a4a991f478fb8c1766f1f67ab19ae96fc",
      "id": "js:2:zilliqa:zil1dtmkpcl30ef5jf06e7qceld6jyhj2lpxdhrcuc:zilliqaL-0x83d77ddace132533cbad6f8cb6ae7a5a4a991f478fb8c1766f1f67ab19ae96fc-OUT",
      "operator": undefined,
      "recipients": Array [
        "zil1cy96fvze76pt7fnuq584lvzen8vkx9upul7ehs",
      ],
      "senders": Array [
        "zil1dtmkpcl30ef5jf06e7qceld6jyhj2lpxdhrcuc",
      ],
      "standard": undefined,
      "tokenId": undefined,
      "type": "OUT",
      "value": "2100000000000",
    },
    Object {
      "accountId": "js:2:zilliqa:zil1dtmkpcl30ef5jf06e7qceld6jyhj2lpxdhrcuc:zilliqaL",
      "blockHash": null,
      "blockHeight": 2559289,
      "contract": undefined,
      "extra": Object {},
      "fee": "100000000000",
      "hasFailed": false,
      "hash": "0x97a4f67f85a7276761aa80a3f1c2ed7490fa947f8f2f2f24e73ce521c6da84d6",
      "id": "js:2:zilliqa:zil1dtmkpcl30ef5jf06e7qceld6jyhj2lpxdhrcuc:zilliqaL-0x97a4f67f85a7276761aa80a3f1c2ed7490fa947f8f2f2f24e73ce521c6da84d6-OUT",
      "operator": undefined,
      "recipients": Array [
        "zil1cy96fvze76pt7fnuq584lvzen8vkx9upul7ehs",
      ],
      "senders": Array [
        "zil1dtmkpcl30ef5jf06e7qceld6jyhj2lpxdhrcuc",
      ],
      "standard": undefined,
      "tokenId": undefined,
      "type": "OUT",
      "value": "2100000000000",
    },
    Object {
      "accountId": "js:2:zilliqa:zil1dtmkpcl30ef5jf06e7qceld6jyhj2lpxdhrcuc:zilliqaL",
      "blockHash": null,
      "blockHeight": 2559346,
      "contract": undefined,
      "extra": Object {},
      "fee": "100000000000",
      "hasFailed": false,
      "hash": "0xa36715b86bafcca3e38071ccdf29847c163902c2c5ee65eff8ce57c9231aa864",
      "id": "js:2:zilliqa:zil1dtmkpcl30ef5jf06e7qceld6jyhj2lpxdhrcuc:zilliqaL-0xa36715b86bafcca3e38071ccdf29847c163902c2c5ee65eff8ce57c9231aa864-OUT",
      "operator": undefined,
      "recipients": Array [
        "zil1cy96fvze76pt7fnuq584lvzen8vkx9upul7ehs",
      ],
      "senders": Array [
        "zil1dtmkpcl30ef5jf06e7qceld6jyhj2lpxdhrcuc",
      ],
      "standard": undefined,
      "tokenId": undefined,
      "type": "OUT",
      "value": "5330000000000",
    },
    Object {
      "accountId": "js:2:zilliqa:zil1dtmkpcl30ef5jf06e7qceld6jyhj2lpxdhrcuc:zilliqaL",
      "blockHash": null,
      "blockHeight": 2559307,
      "contract": undefined,
      "extra": Object {},
      "fee": "100000000000",
      "hasFailed": false,
      "hash": "0xe2a6aa727f7e4605ce84487f3d25841ec125c67f7d8a872c75c5f594d5a8bf81",
      "id": "js:2:zilliqa:zil1dtmkpcl30ef5jf06e7qceld6jyhj2lpxdhrcuc:zilliqaL-0xe2a6aa727f7e4605ce84487f3d25841ec125c67f7d8a872c75c5f594d5a8bf81-OUT",
      "operator": undefined,
      "recipients": Array [
        "zil1cy96fvze76pt7fnuq584lvzen8vkx9upul7ehs",
      ],
      "senders": Array [
        "zil1dtmkpcl30ef5jf06e7qceld6jyhj2lpxdhrcuc",
      ],
      "standard": undefined,
      "tokenId": undefined,
      "type": "OUT",
      "value": "2300000000000",
    },
    Object {
      "accountId": "js:2:zilliqa:zil1dtmkpcl30ef5jf06e7qceld6jyhj2lpxdhrcuc:zilliqaL",
      "blockHash": null,
      "blockHeight": 2618645,
      "contract": undefined,
      "extra": Object {},
      "fee": "100000000000",
      "hasFailed": false,
      "hash": "0xe62959d39785c15a80e9c787a5673a92d1346c1e5b9e13a2e82f11f4635baf8f",
      "id": "js:2:zilliqa:zil1dtmkpcl30ef5jf06e7qceld6jyhj2lpxdhrcuc:zilliqaL-0xe62959d39785c15a80e9c787a5673a92d1346c1e5b9e13a2e82f11f4635baf8f-OUT",
      "operator": undefined,
      "recipients": Array [
        "zil1cy96fvze76pt7fnuq584lvzen8vkx9upul7ehs",
      ],
      "senders": Array [
        "zil1dtmkpcl30ef5jf06e7qceld6jyhj2lpxdhrcuc",
      ],
      "standard": undefined,
      "tokenId": undefined,
      "type": "OUT",
      "value": "213100000000000",
    },
    Object {
      "accountId": "js:2:zilliqa:zil1dtmkpcl30ef5jf06e7qceld6jyhj2lpxdhrcuc:zilliqaL",
      "blockHash": null,
      "blockHeight": 2559755,
      "contract": undefined,
      "extra": Object {},
      "fee": "100000000000",
      "hasFailed": false,
      "hash": "0xed456dcabe64667dd37a0147a82f205da45303524335d9ae150ba0724d91232d",
      "id": "js:2:zilliqa:zil1dtmkpcl30ef5jf06e7qceld6jyhj2lpxdhrcuc:zilliqaL-0xed456dcabe64667dd37a0147a82f205da45303524335d9ae150ba0724d91232d-IN",
      "operator": undefined,
      "recipients": Array [
        "zil1dtmkpcl30ef5jf06e7qceld6jyhj2lpxdhrcuc",
      ],
      "senders": Array [
        "zil1cy96fvze76pt7fnuq584lvzen8vkx9upul7ehs",
      ],
      "standard": undefined,
      "tokenId": undefined,
      "type": "IN",
      "value": "101000000000000",
    },
    Object {
      "accountId": "js:2:zilliqa:zil1dtmkpcl30ef5jf06e7qceld6jyhj2lpxdhrcuc:zilliqaL",
      "blockHash": null,
      "blockHeight": 2559763,
      "contract": undefined,
      "extra": Object {},
      "fee": "100000000000",
      "hasFailed": false,
      "hash": "0xf4cd566ec14700762055c634cc57c4524ec268498944ade0f483564642e3760f",
      "id": "js:2:zilliqa:zil1dtmkpcl30ef5jf06e7qceld6jyhj2lpxdhrcuc:zilliqaL-0xf4cd566ec14700762055c634cc57c4524ec268498944ade0f483564642e3760f-OUT",
      "operator": undefined,
      "recipients": Array [
        "zil1cy96fvze76pt7fnuq584lvzen8vkx9upul7ehs",
      ],
      "senders": Array [
        "zil1dtmkpcl30ef5jf06e7qceld6jyhj2lpxdhrcuc",
      ],
      "standard": undefined,
      "tokenId": undefined,
      "type": "OUT",
      "value": "52100000000000",
    },
    Object {
      "accountId": "js:2:zilliqa:zil1dtmkpcl30ef5jf06e7qceld6jyhj2lpxdhrcuc:zilliqaL",
      "blockHash": null,
      "blockHeight": 2616323,
      "contract": undefined,
      "extra": Object {},
      "fee": "100000000000",
      "hasFailed": false,
      "hash": "0xf8e3a87191b9e8d4eee31c74bf2315c8d9e3b5a545fcc1315d57d63be4347fd5",
      "id": "js:2:zilliqa:zil1dtmkpcl30ef5jf06e7qceld6jyhj2lpxdhrcuc:zilliqaL-0xf8e3a87191b9e8d4eee31c74bf2315c8d9e3b5a545fcc1315d57d63be4347fd5-IN",
      "operator": undefined,
      "recipients": Array [
        "zil1dtmkpcl30ef5jf06e7qceld6jyhj2lpxdhrcuc",
      ],
      "senders": Array [
        "zil1cy96fvze76pt7fnuq584lvzen8vkx9upul7ehs",
      ],
      "standard": undefined,
      "tokenId": undefined,
      "type": "IN",
      "value": "123000000000000",
    },
    Object {
      "accountId": "js:2:zilliqa:zil1dtmkpcl30ef5jf06e7qceld6jyhj2lpxdhrcuc:zilliqaL",
      "blockHash": null,
      "blockHeight": 2555030,
      "contract": undefined,
      "extra": Object {},
      "fee": "100000000000",
      "hasFailed": false,
      "hash": "0xf977e6c16da2b3d213687342b195b611f0b583d4c00572646b0faa3aaa7d6b25",
      "id": "js:2:zilliqa:zil1dtmkpcl30ef5jf06e7qceld6jyhj2lpxdhrcuc:zilliqaL-0xf977e6c16da2b3d213687342b195b611f0b583d4c00572646b0faa3aaa7d6b25-OUT",
      "operator": undefined,
      "recipients": Array [
        "zil1cy96fvze76pt7fnuq584lvzen8vkx9upul7ehs",
      ],
      "senders": Array [
        "zil1dtmkpcl30ef5jf06e7qceld6jyhj2lpxdhrcuc",
      ],
      "standard": undefined,
      "tokenId": undefined,
      "type": "OUT",
      "value": "7100000000000",
    },
    Object {
      "accountId": "js:2:zilliqa:zil1dtmkpcl30ef5jf06e7qceld6jyhj2lpxdhrcuc:zilliqaL",
      "blockHash": null,
      "blockHeight": 2618634,
      "contract": undefined,
      "extra": Object {},
      "fee": "100000000000",
      "hasFailed": false,
      "hash": "0xf99ee5d24a11983e882179dcabb102030edfe099840871df38e66db564738f8d",
      "id": "js:2:zilliqa:zil1dtmkpcl30ef5jf06e7qceld6jyhj2lpxdhrcuc:zilliqaL-0xf99ee5d24a11983e882179dcabb102030edfe099840871df38e66db564738f8d-OUT",
      "operator": undefined,
      "recipients": Array [
        "zil1cy96fvze76pt7fnuq584lvzen8vkx9upul7ehs",
      ],
      "senders": Array [
        "zil1dtmkpcl30ef5jf06e7qceld6jyhj2lpxdhrcuc",
      ],
      "standard": undefined,
      "tokenId": undefined,
      "type": "OUT",
      "value": "1330000000000",
    },
  ],
  Array [],
]
`;
